../Core/Src/HT1622.c:444:6:ht1622ProcessDataPrint	32	static
../Core/Src/HT1622.c:466:9:ht1622SizeOf	0	static
../Core/Src/HT1622.c:930:6:handleUnitSegment	64	static
../Core/Src/HT1622.c:975:6:spiEnableCS1	8	static
../Core/Src/HT1622.c:976:6:spiDisableCS1	8	static
../Core/Src/HT1622.c:977:6:spiEnableCS2	8	static
../Core/Src/HT1622.c:978:6:spiDisableCS2	8	static
../Core/Src/HT1622.c:980:6:ht1622EncodeGroup	0	static
../Core/Src/HT1622.c:988:10:ht1622EncodeSingle	0	static
../Core/Src/HT1622.c:1003:9:ht1622GenerateBit	8	static
../Core/Src/HT1622.c:1016:6:integerToArray	8	static
../Core/Src/HT1622.c:479:6:ht1622Write	120	static
