../Core/Src/HT1622.c:1065:13:addr_cmd_bit	32	static
../Core/Src/HT1622.c:1079:13:data_bit	32	static
../Core/Src/HT1622.c:1055:13:CS_LOW	8	static
../Core/Src/HT1622.c:1060:13:CS_HIGH	8	static
../Core/Src/HT1622.c:455:6:ht1622ProcessDataPrint	32	static
../Core/Src/HT1622.c:477:9:ht1622SizeOf	0	static
../Core/Src/HT1622.c:947:6:handleUnitSegment	64	static
../Core/Src/HT1622.c:1021:10:ht1622EncodeSingle	0	static
../Core/Src/HT1622.c:992:6:ht1622EncodeGroup	32	static
../Core/Src/HT1622.c:1034:9:ht1622GenerateBit	8	static
../Core/Src/HT1622.c:1047:6:integerToArray	8	static
../Core/Src/HT1622.c:490:6:ht1622UpdateRam	144	static
../Core/Src/HT1622.c:1093:6:send_command	16	static,ignoring_inline_asm
../Core/Src/HT1622.c:1104:6:write_seg_data_4	16	static,ignoring_inline_asm
../Core/Src/HT1622.c:1115:6:write_seg_data_44	24	static,ignoring_inline_asm
../Core/Src/HT1622.c:1129:6:write_seg_data_bit_4	16	static
../Core/Src/HT1622.c:1134:6:set_all	16	static
../Core/Src/HT1622.c:1143:6:clean_all	16	static
../Core/Src/HT1622.c:1152:6:ht1622_init	8	static
../Core/Src/HT1622.c:1166:6:ht1622Print	40	static
