../Core/Src/HT1622.c:1078:13:addr_cmd_bit	32	static
../Core/Src/HT1622.c:1092:13:data_bit	32	static
../Core/Src/HT1622.c:1068:13:CS_LOW	8	static
../Core/Src/HT1622.c:1073:13:CS_HIGH	8	static
../Core/Src/HT1622.c:456:6:ht1622ProcessDataPrint	32	static
../Core/Src/HT1622.c:478:9:ht1622SizeOf	0	static
../Core/Src/HT1622.c:960:6:handleUnitSegment	64	static
../Core/Src/HT1622.c:1034:10:ht1622EncodeSingle	0	static
../Core/Src/HT1622.c:1005:6:ht1622EncodeGroup	32	static
../Core/Src/HT1622.c:1047:9:ht1622GenerateBit	8	static
../Core/Src/HT1622.c:1060:6:integerToArray	8	static
../Core/Src/HT1622.c:507:6:ht1622HandleUpdateRam	120	static
../Core/Src/HT1622.c:491:6:ht1622UpdateRamChar	24	static
../Core/Src/HT1622.c:498:6:ht1622UpdateRamFloat	48	static
../Core/Src/HT1622.c:1106:6:send_command	16	static,ignoring_inline_asm
../Core/Src/HT1622.c:1117:6:write_seg_data_4	16	static,ignoring_inline_asm
../Core/Src/HT1622.c:1128:6:write_seg_data_44	24	static,ignoring_inline_asm
../Core/Src/HT1622.c:1142:6:write_seg_data_bit_4	16	static
../Core/Src/HT1622.c:1147:6:set_all	16	static
../Core/Src/HT1622.c:1156:6:clean_all	16	static
../Core/Src/HT1622.c:1165:6:ht1622_init	8	static
../Core/Src/HT1622.c:1181:6:ht1622ClearSegment	32	static
../Core/Src/HT1622.c:1216:6:ht1622Print	40	static
