../Core/Src/HT1622.c:1077:13:addr_cmd_bit	32	static
../Core/Src/HT1622.c:1091:13:data_bit	32	static
../Core/Src/HT1622.c:1067:13:CS_LOW	8	static
../Core/Src/HT1622.c:1072:13:CS_HIGH	8	static
../Core/Src/HT1622.c:455:6:ht1622ProcessDataPrint	32	static
../Core/Src/HT1622.c:477:9:ht1622SizeOf	0	static
../Core/Src/HT1622.c:959:6:handleUnitSegment	64	static
../Core/Src/HT1622.c:1033:10:ht1622EncodeSingle	0	static
../Core/Src/HT1622.c:1004:6:ht1622EncodeGroup	32	static
../Core/Src/HT1622.c:1046:9:ht1622GenerateBit	8	static
../Core/Src/HT1622.c:1059:6:integerToArray	8	static
../Core/Src/HT1622.c:506:6:ht1622HandleUpdateRam	120	static
../Core/Src/HT1622.c:490:6:ht1622UpdateRamChar	24	static
../Core/Src/HT1622.c:497:6:ht1622UpdateRamFloat	48	static
../Core/Src/HT1622.c:1105:6:send_command	16	static,ignoring_inline_asm
../Core/Src/HT1622.c:1116:6:write_seg_data_4	16	static,ignoring_inline_asm
../Core/Src/HT1622.c:1127:6:write_seg_data_44	24	static,ignoring_inline_asm
../Core/Src/HT1622.c:1141:6:write_seg_data_bit_4	16	static
../Core/Src/HT1622.c:1146:6:set_all	16	static
../Core/Src/HT1622.c:1155:6:clean_all	16	static
../Core/Src/HT1622.c:1164:6:ht1622_init	8	static
../Core/Src/HT1622.c:1180:6:ht1622ClearSegment	32	static
../Core/Src/HT1622.c:1215:6:ht1622Print	40	static
