../Core/Src/HT1622.c:1058:13:addr_cmd_bit	32	static
../Core/Src/HT1622.c:1072:13:data_bit	32	static
../Core/Src/HT1622.c:1048:13:CS_LOW	8	static
../Core/Src/HT1622.c:1053:13:CS_HIGH	8	static
../Core/Src/HT1622.c:455:6:ht1622ProcessDataPrint	32	static
../Core/Src/HT1622.c:477:9:ht1622SizeOf	0	static
../Core/Src/HT1622.c:940:6:handleUnitSegment	64	static
../Core/Src/HT1622.c:1014:10:ht1622EncodeSingle	0	static
../Core/Src/HT1622.c:985:6:ht1622EncodeGroup	32	static
../Core/Src/HT1622.c:1027:9:ht1622GenerateBit	8	static
../Core/Src/HT1622.c:1040:6:integerToArray	8	static
../Core/Src/HT1622.c:490:6:ht1622Write	120	static
../Core/Src/HT1622.c:1086:6:send_command	16	static,ignoring_inline_asm
../Core/Src/HT1622.c:1097:6:write_seg_data_4	16	static,ignoring_inline_asm
../Core/Src/HT1622.c:1108:6:write_seg_data_44	24	static,ignoring_inline_asm
../Core/Src/HT1622.c:1122:6:write_seg_data_bit_4	16	static
../Core/Src/HT1622.c:1127:6:set_all	16	static
../Core/Src/HT1622.c:1136:6:clean_all	16	static
../Core/Src/HT1622.c:1145:6:ht1622_init	8	static
