../Core/Src/HT1622.c:1095:13:addr_cmd_bit	32	static
../Core/Src/HT1622.c:1109:13:data_bit	32	static
../Core/Src/HT1622.c:1085:13:CS_LOW	8	static
../Core/Src/HT1622.c:1090:13:CS_HIGH	8	static
../Core/Src/HT1622.c:456:6:ht1622ProcessDataPrint	32	static
../Core/Src/HT1622.c:478:9:ht1622SizeOf	0	static
../Core/Src/HT1622.c:977:6:handleUnitSegment	64	static
../Core/Src/HT1622.c:1051:10:ht1622EncodeSingle	0	static
../Core/Src/HT1622.c:1022:6:ht1622EncodeGroup	32	static
../Core/Src/HT1622.c:1064:9:ht1622GenerateBit	8	static
../Core/Src/HT1622.c:1077:6:integerToArray	8	static
../Core/Src/HT1622.c:524:6:ht1622HandleUpdateRam	120	static
../Core/Src/HT1622.c:491:6:ht1622UpdateRamChar	24	static
../Core/Src/HT1622.c:498:6:ht1622UpdateRamFloat	56	static
../Core/Src/HT1622.c:1123:6:send_command	16	static,ignoring_inline_asm
../Core/Src/HT1622.c:1134:6:write_seg_data_4	16	static,ignoring_inline_asm
../Core/Src/HT1622.c:1145:6:write_seg_data_44	24	static,ignoring_inline_asm
../Core/Src/HT1622.c:1159:6:write_seg_data_bit_4	16	static
../Core/Src/HT1622.c:1164:6:set_all	16	static
../Core/Src/HT1622.c:1173:6:clean_all	16	static
../Core/Src/HT1622.c:1182:6:ht1622_init	8	static
../Core/Src/HT1622.c:1198:6:ht1622ClearSegment	32	static
../Core/Src/HT1622.c:1233:6:ht1622Print	40	static
