../Core/Src/HT7036.c:15:6:spiDisable	8	static
../Core/Src/HT7036.c:16:6:spiEnable	8	static
../Core/Src/HT7036.c:18:19:spiWrite16	24	static
../Core/Src/HT7036.c:35:19:spiWrite24	24	static
../Core/Src/HT7036.c:51:19:spiCommandSpecial	24	static
../Core/Src/HT7036.c:384:6:powerCalibMode.part.0	8	static
../Core/Src/HT7036.c:67:10:spiReadCalib	24	static
../Core/Src/HT7036.c:88:19:spiWriteCalib	8	static
../Core/Src/HT7036.c:104:10:spiRead16	24	static
../Core/Src/HT7036.c:123:10:spiRead24	32	static
../Core/Src/HT7036.c:145:6:powerInit	8	static
../Core/Src/HT7036.c:150:6:powerSetup	32	static
../Core/Src/HT7036.c:263:10:powerScanValue	16	static
../Core/Src/HT7036.c:274:9:unsignToSign	0	static
../Core/Src/HT7036.c:297:10:powerCalculateCalib	8	static
../Core/Src/HT7036.c:324:6:powerRestoreCalib	8	static
../Core/Src/HT7036.c:378:6:handleAbsolute	16	static
../Core/Src/HT7036.c:201:6:powerMultiReadSensor	56	static
../Core/Src/HT7036.c:384:6:powerCalibMode	8	static
../Core/Src/HT7036.c:330:6:powerMultiCalib	24	static
../Core/Src/HT7036.c:345:6:powerSingleCalib	16	static
../Core/Src/HT7036.c:358:10:powerSingleRecalib	40	static
../Core/Src/HT7036.c:395:7:coefPower	8	static
../Core/Src/HT7036.c:399:7:calcMeterConstant	24	static
../Core/Src/HT7036.c:403:6:powerDebug	88	static
