../Core/Src/HT7036.c:5:6:spiDisable	8	static
../Core/Src/HT7036.c:6:6:spiEnable	8	static
../Core/Src/HT7036.c:8:19:spiWrite16	40	static
../Core/Src/HT7036.c:25:19:spiWrite24	40	static
../Core/Src/HT7036.c:41:19:spiCommandSpecial	40	static
../Core/Src/HT7036.c:57:10:spiReadCalib	48	static
../Core/Src/HT7036.c:78:19:spiWriteCalib	40	static
../Core/Src/HT7036.c:94:10:spiRead16	40	static
../Core/Src/HT7036.c:113:10:spiRead24	56	static
../Core/Src/HT7036.c:135:6:powerInit	8	static
../Core/Src/HT7036.c:140:6:powerSetup	32	static
../Core/Src/HT7036.c:191:6:powerReadSensor	48	static
../Core/Src/HT7036.c:230:10:powerScanValue	32	static
../Core/Src/HT7036.c:241:9:unsignToSign	24	static
../Core/Src/HT7036.c:264:10:powerCalculateCalib	40	static
../Core/Src/HT7036.c:291:6:powerRestoreCalib	8	static
../Core/Src/HT7036.c:296:6:powerCalib	40	static
../Core/Src/HT7036.c:312:6:handleAbsolute	16	static
../Core/Src/HT7036.c:326:6:powerSetupCalib	8	static
