../Core/Src/HT7036.c:5:6:spiDisable	8	static
../Core/Src/HT7036.c:6:6:spiEnable	8	static
../Core/Src/HT7036.c:8:19:spiWrite16	40	static
../Core/Src/HT7036.c:25:19:spiWrite24	40	static
../Core/Src/HT7036.c:41:19:spiCommandSpecial	40	static
../Core/Src/HT7036.c:57:10:spiReadCalib	48	static
../Core/Src/HT7036.c:78:19:spiWriteCalib	40	static
../Core/Src/HT7036.c:94:10:spiRead16	40	static
../Core/Src/HT7036.c:113:10:spiRead24	56	static
../Core/Src/HT7036.c:135:6:powerInit	8	static
../Core/Src/HT7036.c:140:6:powerSetup	32	static
../Core/Src/HT7036.c:208:6:powerReadSensor	48	static
../Core/Src/HT7036.c:245:10:powerScanValue	32	static
../Core/Src/HT7036.c:256:9:unsignToSign	24	static
../Core/Src/HT7036.c:273:10:powerCalculateCalib	40	static
../Core/Src/HT7036.c:299:6:powerRestoreCalib	8	static
../Core/Src/HT7036.c:305:6:powerCalib	40	static
