../Core/Src/HT7036.c:46:6:spiDisable	8	static
../Core/Src/HT7036.c:47:6:spiEnable	8	static
../Core/Src/HT7036.c:49:19:spiCommandSpecial	24	static
../Core/Src/HT7036.c:375:6:powerCalibMode.part.0	8	static
../Core/Src/HT7036.c:65:10:spiReadCalib	24	static
../Core/Src/HT7036.c:86:19:spiWriteCalib	24	static
../Core/Src/HT7036.c:102:10:spiRead24	32	static
../Core/Src/HT7036.c:124:6:powerInit	8	static
../Core/Src/HT7036.c:129:6:powerSetup	32	static
../Core/Src/HT7036.c:242:10:powerScanValue	16	static
../Core/Src/HT7036.c:253:9:unsignToSign	0	static
../Core/Src/HT7036.c:276:10:powerCalculateCalib	8	static
../Core/Src/HT7036.c:303:6:powerRestoreCalib	8	static
../Core/Src/HT7036.c:363:6:handleAbsolute	16	static
../Core/Src/HT7036.c:369:6:handleAbsolute32	0	static
../Core/Src/HT7036.c:190:6:powerMultiReadSensor	64	static
../Core/Src/HT7036.c:375:6:powerCalibMode	8	static
../Core/Src/HT7036.c:309:6:powerMultiCalib	24	static
../Core/Src/HT7036.c:324:6:powerSingleCalib	16	static
../Core/Src/HT7036.c:337:10:powerSingleRecalib	32	static
../Core/Src/HT7036.c:385:7:calcVoltDif	8	static
../Core/Src/HT7036.c:389:7:calcMeterConstant	24	static
../Core/Src/HT7036.c:396:7:coefPower	8	static
../Core/Src/HT7036.c:397:10:floatToInt32	0	static
../Core/Src/HT7036.c:398:7:int32ToFloat	0	static
../Core/Src/HT7036.c:401:10:byte64High1	0	static
../Core/Src/HT7036.c:402:10:byte64High2	0	static
../Core/Src/HT7036.c:403:10:byte64Low1	0	static
../Core/Src/HT7036.c:404:10:byte64Low2	0	static
../Core/Src/HT7036.c:405:9:byte16Low	0	static
../Core/Src/HT7036.c:406:9:byte16High	0	static
../Core/Src/HT7036.c:407:6:uint64ToUint8	8	static
../Core/Src/HT7036.c:418:6:uint8Touint64	12	static
../Core/Src/HT7036.c:436:10:uint32ToUint64	0	static
../Core/Src/HT7036.c:437:10:uint16ToUint32	0	static
../Core/Src/HT7036.c:438:10:uint8ToUint16	0	static
