../Core/Src/HT7036.c:29:6:spiDisable	8	static
../Core/Src/HT7036.c:30:6:spiEnable	8	static
../Core/Src/HT7036.c:32:19:spiWrite16	24	static
../Core/Src/HT7036.c:49:19:spiWrite24	24	static
../Core/Src/HT7036.c:65:19:spiCommandSpecial	24	static
../Core/Src/HT7036.c:384:6:powerCalibMode.part.0	8	static
../Core/Src/HT7036.c:81:10:spiReadCalib	24	static
../Core/Src/HT7036.c:102:19:spiWriteCalib	8	static
../Core/Src/HT7036.c:118:10:spiRead16	24	static
../Core/Src/HT7036.c:137:10:spiRead24	32	static
../Core/Src/HT7036.c:159:6:powerInit	8	static
../Core/Src/HT7036.c:164:6:powerSetup	32	static
../Core/Src/HT7036.c:263:10:powerScanValue	16	static
../Core/Src/HT7036.c:274:9:unsignToSign	0	static
../Core/Src/HT7036.c:297:10:powerCalculateCalib	8	static
../Core/Src/HT7036.c:324:6:powerRestoreCalib	8	static
../Core/Src/HT7036.c:378:6:handleAbsolute	16	static
../Core/Src/HT7036.c:215:6:powerMultiReadSensor	56	static
../Core/Src/HT7036.c:384:6:powerCalibMode	8	static
../Core/Src/HT7036.c:330:6:powerMultiCalib	24	static
../Core/Src/HT7036.c:345:6:powerSingleCalib	16	static
../Core/Src/HT7036.c:358:10:powerSingleRecalib	40	static
../Core/Src/HT7036.c:394:7:calcVoltDif	8	static
../Core/Src/HT7036.c:398:7:calcMeterConstant	24	static
../Core/Src/HT7036.c:405:7:coefPower	8	static
../Core/Src/HT7036.c:406:10:floatToInt32	0	static
../Core/Src/HT7036.c:407:7:int32ToFloat	0	static
../Core/Src/HT7036.c:410:10:byte64High1	0	static
../Core/Src/HT7036.c:411:10:byte64High2	0	static
../Core/Src/HT7036.c:412:10:byte64Low1	0	static
../Core/Src/HT7036.c:413:10:byte64Low2	0	static
../Core/Src/HT7036.c:414:9:byte16Low	0	static
../Core/Src/HT7036.c:415:9:byte16High	0	static
../Core/Src/HT7036.c:416:6:uint64ToUint8	8	static
../Core/Src/HT7036.c:427:6:uint8Touint64	12	static
../Core/Src/HT7036.c:445:10:uint32ToUint64	0	static
../Core/Src/HT7036.c:446:10:uint16ToUint32	0	static
../Core/Src/HT7036.c:447:10:uint8ToUint16	0	static
../Core/Src/HT7036.c:451:6:powerDebug	88	static
