../Core/Src/HT7036.c:44:6:spiDisable	8	static
../Core/Src/HT7036.c:45:6:spiEnable	8	static
../Core/Src/HT7036.c:47:19:spiWrite16	24	static
../Core/Src/HT7036.c:64:19:spiWrite24	24	static
../Core/Src/HT7036.c:80:19:spiCommandSpecial	24	static
../Core/Src/HT7036.c:405:6:powerCalibMode.part.0	8	static
../Core/Src/HT7036.c:96:10:spiReadCalib	24	static
../Core/Src/HT7036.c:117:19:spiWriteCalib	8	static
../Core/Src/HT7036.c:133:10:spiRead16	24	static
../Core/Src/HT7036.c:152:10:spiRead24	32	static
../Core/Src/HT7036.c:174:6:powerInit	8	static
../Core/Src/HT7036.c:179:6:powerSetup	32	static
../Core/Src/HT7036.c:278:10:powerScanValue	16	static
../Core/Src/HT7036.c:289:9:unsignToSign	0	static
../Core/Src/HT7036.c:312:10:powerCalculateCalib	8	static
../Core/Src/HT7036.c:339:6:powerRestoreCalib	8	static
../Core/Src/HT7036.c:399:6:handleAbsolute	16	static
../Core/Src/HT7036.c:230:6:powerMultiReadSensor	56	static
../Core/Src/HT7036.c:405:6:powerCalibMode	8	static
../Core/Src/HT7036.c:345:6:powerMultiCalib	24	static
../Core/Src/HT7036.c:360:6:powerSingleCalib	16	static
../Core/Src/HT7036.c:373:10:powerSingleRecalib	32	static
../Core/Src/HT7036.c:415:7:calcVoltDif	8	static
../Core/Src/HT7036.c:419:7:calcMeterConstant	24	static
../Core/Src/HT7036.c:426:7:coefPower	8	static
../Core/Src/HT7036.c:427:10:floatToInt32	0	static
../Core/Src/HT7036.c:428:7:int32ToFloat	0	static
../Core/Src/HT7036.c:431:10:byte64High1	0	static
../Core/Src/HT7036.c:432:10:byte64High2	0	static
../Core/Src/HT7036.c:433:10:byte64Low1	0	static
../Core/Src/HT7036.c:434:10:byte64Low2	0	static
../Core/Src/HT7036.c:435:9:byte16Low	0	static
../Core/Src/HT7036.c:436:9:byte16High	0	static
../Core/Src/HT7036.c:437:6:uint64ToUint8	8	static
../Core/Src/HT7036.c:448:6:uint8Touint64	12	static
../Core/Src/HT7036.c:466:10:uint32ToUint64	0	static
../Core/Src/HT7036.c:467:10:uint16ToUint32	0	static
../Core/Src/HT7036.c:468:10:uint8ToUint16	0	static
../Core/Src/HT7036.c:472:6:powerDebug	88	static
