../Core/Src/HT7036.c:44:6:spiDisable	8	static
../Core/Src/HT7036.c:45:6:spiEnable	8	static
../Core/Src/HT7036.c:47:19:spiWrite16	24	static
../Core/Src/HT7036.c:64:19:spiWrite24	24	static
../Core/Src/HT7036.c:80:19:spiCommandSpecial	24	static
../Core/Src/HT7036.c:412:6:powerCalibMode.part.0	8	static
../Core/Src/HT7036.c:96:10:spiReadCalib	24	static
../Core/Src/HT7036.c:117:19:spiWriteCalib	8	static
../Core/Src/HT7036.c:133:10:spiRead16	24	static
../Core/Src/HT7036.c:152:10:spiRead24	32	static
../Core/Src/HT7036.c:174:6:powerInit	8	static
../Core/Src/HT7036.c:179:6:powerSetup	32	static
../Core/Src/HT7036.c:279:10:powerScanValue	16	static
../Core/Src/HT7036.c:290:9:unsignToSign	0	static
../Core/Src/HT7036.c:313:10:powerCalculateCalib	8	static
../Core/Src/HT7036.c:340:6:powerRestoreCalib	8	static
../Core/Src/HT7036.c:400:6:handleAbsolute	16	static
../Core/Src/HT7036.c:406:6:handleAbsolute32	0	static
../Core/Src/HT7036.c:230:6:powerMultiReadSensor	56	static
../Core/Src/HT7036.c:412:6:powerCalibMode	8	static
../Core/Src/HT7036.c:346:6:powerMultiCalib	24	static
../Core/Src/HT7036.c:361:6:powerSingleCalib	16	static
../Core/Src/HT7036.c:374:10:powerSingleRecalib	32	static
../Core/Src/HT7036.c:422:7:calcVoltDif	8	static
../Core/Src/HT7036.c:426:7:calcMeterConstant	24	static
../Core/Src/HT7036.c:433:7:coefPower	8	static
../Core/Src/HT7036.c:434:10:floatToInt32	0	static
../Core/Src/HT7036.c:435:7:int32ToFloat	0	static
../Core/Src/HT7036.c:438:10:byte64High1	0	static
../Core/Src/HT7036.c:439:10:byte64High2	0	static
../Core/Src/HT7036.c:440:10:byte64Low1	0	static
../Core/Src/HT7036.c:441:10:byte64Low2	0	static
../Core/Src/HT7036.c:442:9:byte16Low	0	static
../Core/Src/HT7036.c:443:9:byte16High	0	static
../Core/Src/HT7036.c:444:6:uint64ToUint8	8	static
../Core/Src/HT7036.c:455:6:uint8Touint64	12	static
../Core/Src/HT7036.c:473:10:uint32ToUint64	0	static
../Core/Src/HT7036.c:474:10:uint16ToUint32	0	static
../Core/Src/HT7036.c:475:10:uint8ToUint16	0	static
../Core/Src/HT7036.c:479:6:powerDebug	88	static
