../Core/Src/HT7036.c:76:6:spiDisable	8	static
../Core/Src/HT7036.c:77:6:spiEnable	8	static
../Core/Src/HT7036.c:79:19:spiCommandSpecial	24	static
../Core/Src/HT7036.c:526:6:powerCalibMode.part.0	8	static
../Core/Src/HT7036.c:95:10:spiReadCalib	24	static
../Core/Src/HT7036.c:115:19:spiWriteCalib	24	static
../Core/Src/HT7036.c:131:10:spiRead24	32	static
../Core/Src/HT7036.c:152:6:powerInit	8	static
../Core/Src/HT7036.c:157:6:powerSetup	32	static
../Core/Src/HT7036.c:222:6:EXpowerHandleTreshold	16	static
../Core/Src/HT7036.c:390:10:powerScanValue	16	static
../Core/Src/HT7036.c:401:9:unsignToSign	0	static
../Core/Src/HT7036.c:424:10:powerCalculateCalib	16	static
../Core/Src/HT7036.c:451:6:powerRestoreCalib	8	static
../Core/Src/HT7036.c:514:6:handleAbsolute	16	static
../Core/Src/HT7036.c:520:6:handleAbsolute32	0	static
../Core/Src/HT7036.c:227:6:powerMultiReadSensor	56	static
../Core/Src/HT7036.c:526:6:powerCalibMode	8	static
../Core/Src/HT7036.c:457:6:powerMultiCalib	24	static
../Core/Src/HT7036.c:472:6:powerSingleCalib	16	static
../Core/Src/HT7036.c:485:10:powerSingleRecalib	32	static
../Core/Src/HT7036.c:536:7:calcVoltDif	8	static
../Core/Src/HT7036.c:540:7:calcMeterConstant	24	static
../Core/Src/HT7036.c:547:7:coefPower	8	static
../Core/Src/HT7036.c:548:10:floatToInt32	0	static
../Core/Src/HT7036.c:549:7:int32ToFloat	0	static
../Core/Src/HT7036.c:552:10:byte64High1	0	static
../Core/Src/HT7036.c:553:10:byte64High2	0	static
../Core/Src/HT7036.c:554:10:byte64Low1	0	static
../Core/Src/HT7036.c:555:10:byte64Low2	0	static
../Core/Src/HT7036.c:556:9:byte16Low	0	static
../Core/Src/HT7036.c:557:9:byte16High	0	static
../Core/Src/HT7036.c:558:10:byte32High	0	static
../Core/Src/HT7036.c:559:10:byte32Low	0	static
../Core/Src/HT7036.c:560:6:uint64ToUint8	8	static
../Core/Src/HT7036.c:571:6:uint8Touint64	8	static
../Core/Src/HT7036.c:588:10:uint32ToUint64	0	static
../Core/Src/HT7036.c:589:10:uint16ToUint32	0	static
../Core/Src/HT7036.c:590:10:uint8ToUint16	0	static
