../Core/Src/HT7036.c:10:6:spiDisable	8	static
../Core/Src/HT7036.c:11:6:spiEnable	8	static
../Core/Src/HT7036.c:13:19:spiWrite16	40	static
../Core/Src/HT7036.c:30:19:spiWrite24	40	static
../Core/Src/HT7036.c:46:19:spiCommandSpecial	40	static
../Core/Src/HT7036.c:62:10:spiReadCalib	48	static
../Core/Src/HT7036.c:83:19:spiWriteCalib	40	static
../Core/Src/HT7036.c:99:10:spiRead16	40	static
../Core/Src/HT7036.c:118:10:spiRead24	56	static
../Core/Src/HT7036.c:140:6:powerInit	8	static
../Core/Src/HT7036.c:145:6:powerSetup	32	static
../Core/Src/HT7036.c:196:6:powerMultiReadSensor	48	static
../Core/Src/HT7036.c:238:6:powerSingleReadSensor	24	static
../Core/Src/HT7036.c:243:10:powerScanValue	32	static
../Core/Src/HT7036.c:254:9:unsignToSign	24	static
../Core/Src/HT7036.c:277:10:powerCalculateCalib	40	static
../Core/Src/HT7036.c:304:6:powerRestoreCalib	8	static
../Core/Src/HT7036.c:310:6:powerMultiCalib	40	static
../Core/Src/HT7036.c:327:6:powerSingleCalib	40	static
../Core/Src/HT7036.c:343:6:handleAbsolute	16	static
../Core/Src/HT7036.c:350:6:powerDebug	104	static
