../Core/Src/HT7036.c:76:6:spiDisable	8	static
../Core/Src/HT7036.c:77:6:spiEnable	8	static
../Core/Src/HT7036.c:79:19:spiCommandSpecial	24	static
../Core/Src/HT7036.c:427:6:powerCalibMode.part.0	8	static
../Core/Src/HT7036.c:95:10:spiReadCalib	24	static
../Core/Src/HT7036.c:115:19:spiWriteCalib	24	static
../Core/Src/HT7036.c:131:10:spiRead24	32	static
../Core/Src/HT7036.c:152:6:powerInit	8	static
../Core/Src/HT7036.c:157:6:powerSetup	32	static
../Core/Src/HT7036.c:291:10:powerScanValue	16	static
../Core/Src/HT7036.c:302:9:unsignToSign	0	static
../Core/Src/HT7036.c:325:10:powerCalculateCalib	16	static
../Core/Src/HT7036.c:352:6:powerRestoreCalib	8	static
../Core/Src/HT7036.c:415:6:handleAbsolute	16	static
../Core/Src/HT7036.c:421:6:handleAbsolute32	0	static
../Core/Src/HT7036.c:222:6:powerMultiReadSensor	64	static
../Core/Src/HT7036.c:427:6:powerCalibMode	8	static
../Core/Src/HT7036.c:358:6:powerMultiCalib	24	static
../Core/Src/HT7036.c:373:6:powerSingleCalib	16	static
../Core/Src/HT7036.c:386:10:powerSingleRecalib	32	static
../Core/Src/HT7036.c:437:7:calcVoltDif	8	static
../Core/Src/HT7036.c:441:7:calcMeterConstant	24	static
../Core/Src/HT7036.c:448:7:coefPower	8	static
../Core/Src/HT7036.c:449:10:floatToInt32	0	static
../Core/Src/HT7036.c:450:7:int32ToFloat	0	static
../Core/Src/HT7036.c:453:10:byte64High1	0	static
../Core/Src/HT7036.c:454:10:byte64High2	0	static
../Core/Src/HT7036.c:455:10:byte64Low1	0	static
../Core/Src/HT7036.c:456:10:byte64Low2	0	static
../Core/Src/HT7036.c:457:9:byte16Low	0	static
../Core/Src/HT7036.c:458:9:byte16High	0	static
../Core/Src/HT7036.c:459:10:byte32High	0	static
../Core/Src/HT7036.c:460:10:byte32Low	0	static
../Core/Src/HT7036.c:461:6:uint64ToUint8	8	static
../Core/Src/HT7036.c:472:6:uint8Touint64	8	static
../Core/Src/HT7036.c:489:10:uint32ToUint64	0	static
../Core/Src/HT7036.c:490:10:uint16ToUint32	0	static
../Core/Src/HT7036.c:491:10:uint8ToUint16	0	static
