../Core/Src/HT7036.c:21:6:spiDisable	8	static
../Core/Src/HT7036.c:22:6:spiEnable	8	static
../Core/Src/HT7036.c:24:19:spiWrite16	24	static
../Core/Src/HT7036.c:41:19:spiWrite24	24	static
../Core/Src/HT7036.c:57:19:spiCommandSpecial	24	static
../Core/Src/HT7036.c:376:6:powerCalibMode.part.0	8	static
../Core/Src/HT7036.c:73:10:spiReadCalib	24	static
../Core/Src/HT7036.c:94:19:spiWriteCalib	8	static
../Core/Src/HT7036.c:110:10:spiRead16	24	static
../Core/Src/HT7036.c:129:10:spiRead24	32	static
../Core/Src/HT7036.c:151:6:powerInit	8	static
../Core/Src/HT7036.c:156:6:powerSetup	32	static
../Core/Src/HT7036.c:207:6:powerMultiReadSensor	120	static
../Core/Src/HT7036.c:255:10:powerScanValue	16	static
../Core/Src/HT7036.c:266:9:unsignToSign	0	static
../Core/Src/HT7036.c:289:10:powerCalculateCalib	8	static
../Core/Src/HT7036.c:316:6:powerRestoreCalib	8	static
../Core/Src/HT7036.c:370:6:handleAbsolute	0	static
../Core/Src/HT7036.c:376:6:powerCalibMode	8	static
../Core/Src/HT7036.c:322:6:powerMultiCalib	24	static
../Core/Src/HT7036.c:337:6:powerSingleCalib	16	static
../Core/Src/HT7036.c:350:10:powerSingleRecalib	40	static
../Core/Src/HT7036.c:386:7:calcVoltDif	8	static
../Core/Src/HT7036.c:390:7:calcMeterConstant	24	static
../Core/Src/HT7036.c:397:7:coefPower	8	static
../Core/Src/HT7036.c:398:10:floatToInt32	0	static
../Core/Src/HT7036.c:399:7:int32ToFloat	0	static
../Core/Src/HT7036.c:401:10:byte64High1	0	static
../Core/Src/HT7036.c:402:10:byte64High2	0	static
../Core/Src/HT7036.c:403:10:byte64Low1	0	static
../Core/Src/HT7036.c:404:10:byte64Low2	0	static
../Core/Src/HT7036.c:406:6:powerDebug	88	static
