../Core/Src/HT7036.c:25:6:spiDisable	8	static
../Core/Src/HT7036.c:26:6:spiEnable	8	static
../Core/Src/HT7036.c:28:19:spiWrite16	24	static
../Core/Src/HT7036.c:45:19:spiWrite24	24	static
../Core/Src/HT7036.c:61:19:spiCommandSpecial	24	static
../Core/Src/HT7036.c:384:6:powerCalibMode.part.0	8	static
../Core/Src/HT7036.c:77:10:spiReadCalib	24	static
../Core/Src/HT7036.c:98:19:spiWriteCalib	8	static
../Core/Src/HT7036.c:114:10:spiRead16	24	static
../Core/Src/HT7036.c:133:10:spiRead24	32	static
../Core/Src/HT7036.c:155:6:powerInit	8	static
../Core/Src/HT7036.c:160:6:powerSetup	32	static
../Core/Src/HT7036.c:259:10:uint32ToUint64	0	static
../Core/Src/HT7036.c:263:10:powerScanValue	16	static
../Core/Src/HT7036.c:274:9:unsignToSign	0	static
../Core/Src/HT7036.c:297:10:powerCalculateCalib	8	static
../Core/Src/HT7036.c:324:6:powerRestoreCalib	8	static
../Core/Src/HT7036.c:378:6:handleAbsolute	16	static
../Core/Src/HT7036.c:211:6:powerMultiReadSensor	56	static
../Core/Src/HT7036.c:384:6:powerCalibMode	8	static
../Core/Src/HT7036.c:330:6:powerMultiCalib	24	static
../Core/Src/HT7036.c:345:6:powerSingleCalib	16	static
../Core/Src/HT7036.c:358:10:powerSingleRecalib	40	static
../Core/Src/HT7036.c:394:7:calcVoltDif	8	static
../Core/Src/HT7036.c:398:7:calcMeterConstant	24	static
../Core/Src/HT7036.c:405:7:coefPower	8	static
../Core/Src/HT7036.c:406:10:floatToInt32	0	static
../Core/Src/HT7036.c:407:7:int32ToFloat	0	static
../Core/Src/HT7036.c:409:10:byte64High1	0	static
../Core/Src/HT7036.c:410:10:byte64High2	0	static
../Core/Src/HT7036.c:411:10:byte64Low1	0	static
../Core/Src/HT7036.c:412:10:byte64Low2	0	static
../Core/Src/HT7036.c:414:6:powerDebug	88	static
