../Core/Src/HT7036.c:14:6:spiDisable	8	static
../Core/Src/HT7036.c:15:6:spiEnable	8	static
../Core/Src/HT7036.c:17:19:spiWrite16	24	static
../Core/Src/HT7036.c:34:19:spiWrite24	24	static
../Core/Src/HT7036.c:50:19:spiCommandSpecial	24	static
../Core/Src/HT7036.c:367:6:powerCalibMode.part.0	8	static
../Core/Src/HT7036.c:66:10:spiReadCalib	24	static
../Core/Src/HT7036.c:87:19:spiWriteCalib	8	static
../Core/Src/HT7036.c:103:10:spiRead16	24	static
../Core/Src/HT7036.c:122:10:spiRead24	32	static
../Core/Src/HT7036.c:144:6:powerInit	8	static
../Core/Src/HT7036.c:149:6:powerSetup	32	static
../Core/Src/HT7036.c:246:10:powerScanValue	16	static
../Core/Src/HT7036.c:257:9:unsignToSign	0	static
../Core/Src/HT7036.c:280:10:powerCalculateCalib	8	static
../Core/Src/HT7036.c:307:6:powerRestoreCalib	8	static
../Core/Src/HT7036.c:361:6:handleAbsolute	16	static
../Core/Src/HT7036.c:200:6:powerMultiReadSensor	48	static
../Core/Src/HT7036.c:367:6:powerCalibMode	8	static
../Core/Src/HT7036.c:313:6:powerMultiCalib	24	static
../Core/Src/HT7036.c:328:6:powerSingleCalib	16	static
../Core/Src/HT7036.c:341:10:powerSingleRecalib	40	static
../Core/Src/HT7036.c:378:7:coefPower	8	static
../Core/Src/HT7036.c:382:7:calcMeterConstant	24	static
../Core/Src/HT7036.c:386:6:powerDebug	88	static
