../Core/Src/HT7036.c:76:6:spiDisable	8	static
../Core/Src/HT7036.c:77:6:spiEnable	8	static
../Core/Src/HT7036.c:79:19:spiCommandSpecial	24	static
../Core/Src/HT7036.c:490:6:powerCalibMode.part.0	8	static
../Core/Src/HT7036.c:95:10:spiReadCalib	24	static
../Core/Src/HT7036.c:115:19:spiWriteCalib	24	static
../Core/Src/HT7036.c:131:10:spiRead24	32	static
../Core/Src/HT7036.c:152:6:powerInit	8	static
../Core/Src/HT7036.c:157:6:powerSetup	32	static
../Core/Src/HT7036.c:222:6:EXpowerHandleTreshold	16	static
../Core/Src/HT7036.c:354:10:powerScanValue	16	static
../Core/Src/HT7036.c:365:9:unsignToSign	0	static
../Core/Src/HT7036.c:388:10:powerCalculateCalib	16	static
../Core/Src/HT7036.c:415:6:powerRestoreCalib	8	static
../Core/Src/HT7036.c:478:6:handleAbsolute	16	static
../Core/Src/HT7036.c:484:6:handleAbsolute32	0	static
../Core/Src/HT7036.c:227:6:powerMultiReadSensor	56	static
../Core/Src/HT7036.c:490:6:powerCalibMode	8	static
../Core/Src/HT7036.c:421:6:powerMultiCalib	24	static
../Core/Src/HT7036.c:436:6:powerSingleCalib	16	static
../Core/Src/HT7036.c:449:10:powerSingleRecalib	32	static
../Core/Src/HT7036.c:500:7:calcVoltDif	8	static
../Core/Src/HT7036.c:504:7:calcMeterConstant	24	static
../Core/Src/HT7036.c:511:7:coefPower	8	static
../Core/Src/HT7036.c:512:10:floatToInt32	0	static
../Core/Src/HT7036.c:513:7:int32ToFloat	0	static
../Core/Src/HT7036.c:516:10:byte64High1	0	static
../Core/Src/HT7036.c:517:10:byte64High2	0	static
../Core/Src/HT7036.c:518:10:byte64Low1	0	static
../Core/Src/HT7036.c:519:10:byte64Low2	0	static
../Core/Src/HT7036.c:520:9:byte16Low	0	static
../Core/Src/HT7036.c:521:9:byte16High	0	static
../Core/Src/HT7036.c:522:10:byte32High	0	static
../Core/Src/HT7036.c:523:10:byte32Low	0	static
../Core/Src/HT7036.c:524:6:uint64ToUint8	8	static
../Core/Src/HT7036.c:535:6:uint8Touint64	8	static
../Core/Src/HT7036.c:552:10:uint32ToUint64	0	static
../Core/Src/HT7036.c:553:10:uint16ToUint32	0	static
../Core/Src/HT7036.c:554:10:uint8ToUint16	0	static
