../Core/Src/HT7036.c:45:6:spiDisable	8	static
../Core/Src/HT7036.c:46:6:spiEnable	8	static
../Core/Src/HT7036.c:48:19:spiCommandSpecial	24	static
../Core/Src/HT7036.c:364:6:powerCalibMode.part.0	8	static
../Core/Src/HT7036.c:64:10:spiReadCalib	24	static
../Core/Src/HT7036.c:85:19:spiWriteCalib	24	static
../Core/Src/HT7036.c:101:10:spiRead24	32	static
../Core/Src/HT7036.c:123:6:powerInit	8	static
../Core/Src/HT7036.c:128:6:powerSetup	32	static
../Core/Src/HT7036.c:231:10:powerScanValue	16	static
../Core/Src/HT7036.c:242:9:unsignToSign	0	static
../Core/Src/HT7036.c:265:10:powerCalculateCalib	8	static
../Core/Src/HT7036.c:292:6:powerRestoreCalib	8	static
../Core/Src/HT7036.c:352:6:handleAbsolute	16	static
../Core/Src/HT7036.c:358:6:handleAbsolute32	0	static
../Core/Src/HT7036.c:179:6:powerMultiReadSensor	64	static
../Core/Src/HT7036.c:364:6:powerCalibMode	8	static
../Core/Src/HT7036.c:298:6:powerMultiCalib	24	static
../Core/Src/HT7036.c:313:6:powerSingleCalib	16	static
../Core/Src/HT7036.c:326:10:powerSingleRecalib	32	static
../Core/Src/HT7036.c:374:7:calcVoltDif	8	static
../Core/Src/HT7036.c:378:7:calcMeterConstant	24	static
../Core/Src/HT7036.c:385:7:coefPower	8	static
../Core/Src/HT7036.c:386:10:floatToInt32	0	static
../Core/Src/HT7036.c:387:7:int32ToFloat	0	static
../Core/Src/HT7036.c:390:10:byte64High1	0	static
../Core/Src/HT7036.c:391:10:byte64High2	0	static
../Core/Src/HT7036.c:392:10:byte64Low1	0	static
../Core/Src/HT7036.c:393:10:byte64Low2	0	static
../Core/Src/HT7036.c:394:9:byte16Low	0	static
../Core/Src/HT7036.c:395:9:byte16High	0	static
../Core/Src/HT7036.c:396:6:uint64ToUint8	8	static
../Core/Src/HT7036.c:407:6:uint8Touint64	12	static
../Core/Src/HT7036.c:425:10:uint32ToUint64	0	static
../Core/Src/HT7036.c:426:10:uint16ToUint32	0	static
../Core/Src/HT7036.c:427:10:uint8ToUint16	0	static
