../Core/Src/HT7036.c:3:6:spiDisable	8	static
../Core/Src/HT7036.c:4:6:spiEnable	8	static
../Core/Src/HT7036.c:6:19:spiWrite16	40	static
../Core/Src/HT7036.c:23:19:spiWrite24	40	static
../Core/Src/HT7036.c:39:19:spiCommandSpecial	40	static
../Core/Src/HT7036.c:55:10:spiReadCalib	48	static
../Core/Src/HT7036.c:76:19:spiWriteCalib	40	static
../Core/Src/HT7036.c:92:10:spiRead16	40	static
../Core/Src/HT7036.c:111:10:spiRead24	56	static
../Core/Src/HT7036.c:133:6:powerInit	8	static
../Core/Src/HT7036.c:138:6:powerSetup	40	static
../Core/Src/HT7036.c:158:6:powerReadSensor	48	static
../Core/Src/HT7036.c:194:10:powerScanValue	32	static
../Core/Src/HT7036.c:205:9:unsignToSign	24	static
