../Core/Src/HT7036.c:28:6:spiDisable	8	static
../Core/Src/HT7036.c:29:6:spiEnable	8	static
../Core/Src/HT7036.c:31:19:spiWrite16	24	static
../Core/Src/HT7036.c:48:19:spiWrite24	24	static
../Core/Src/HT7036.c:64:19:spiCommandSpecial	24	static
../Core/Src/HT7036.c:383:6:powerCalibMode.part.0	8	static
../Core/Src/HT7036.c:80:10:spiReadCalib	24	static
../Core/Src/HT7036.c:101:19:spiWriteCalib	8	static
../Core/Src/HT7036.c:117:10:spiRead16	24	static
../Core/Src/HT7036.c:136:10:spiRead24	32	static
../Core/Src/HT7036.c:158:6:powerInit	8	static
../Core/Src/HT7036.c:163:6:powerSetup	32	static
../Core/Src/HT7036.c:262:10:powerScanValue	16	static
../Core/Src/HT7036.c:273:9:unsignToSign	0	static
../Core/Src/HT7036.c:296:10:powerCalculateCalib	8	static
../Core/Src/HT7036.c:323:6:powerRestoreCalib	8	static
../Core/Src/HT7036.c:377:6:handleAbsolute	16	static
../Core/Src/HT7036.c:214:6:powerMultiReadSensor	56	static
../Core/Src/HT7036.c:383:6:powerCalibMode	8	static
../Core/Src/HT7036.c:329:6:powerMultiCalib	24	static
../Core/Src/HT7036.c:344:6:powerSingleCalib	16	static
../Core/Src/HT7036.c:357:10:powerSingleRecalib	40	static
../Core/Src/HT7036.c:393:7:calcVoltDif	8	static
../Core/Src/HT7036.c:397:7:calcMeterConstant	24	static
../Core/Src/HT7036.c:404:7:coefPower	8	static
../Core/Src/HT7036.c:405:10:floatToInt32	0	static
../Core/Src/HT7036.c:406:7:int32ToFloat	0	static
../Core/Src/HT7036.c:409:10:byte64High1	0	static
../Core/Src/HT7036.c:410:10:byte64High2	0	static
../Core/Src/HT7036.c:411:10:byte64Low1	0	static
../Core/Src/HT7036.c:412:10:byte64Low2	0	static
../Core/Src/HT7036.c:413:9:byte16Low	0	static
../Core/Src/HT7036.c:414:9:byte16High	0	static
../Core/Src/HT7036.c:415:6:uint64ToUint8	8	static
../Core/Src/HT7036.c:426:6:uint8Touint64	12	static
../Core/Src/HT7036.c:444:10:uint32ToUint64	0	static
../Core/Src/HT7036.c:445:10:uint16ToUint32	0	static
../Core/Src/HT7036.c:446:10:uint8ToUint16	0	static
../Core/Src/HT7036.c:450:6:powerDebug	88	static
