../Core/Src/HT7036.c:61:6:spiDisable	8	static
../Core/Src/HT7036.c:62:6:spiEnable	8	static
../Core/Src/HT7036.c:64:19:spiCommandSpecial	24	static
../Core/Src/HT7036.c:394:6:powerCalibMode.part.0	8	static
../Core/Src/HT7036.c:80:10:spiReadCalib	24	static
../Core/Src/HT7036.c:101:19:spiWriteCalib	24	static
../Core/Src/HT7036.c:117:10:spiRead24	32	static
../Core/Src/HT7036.c:139:6:powerInit	8	static
../Core/Src/HT7036.c:144:6:powerSetup	32	static
../Core/Src/HT7036.c:258:10:powerScanValue	16	static
../Core/Src/HT7036.c:269:9:unsignToSign	0	static
../Core/Src/HT7036.c:292:10:powerCalculateCalib	16	static
../Core/Src/HT7036.c:319:6:powerRestoreCalib	8	static
../Core/Src/HT7036.c:382:6:handleAbsolute	16	static
../Core/Src/HT7036.c:388:6:handleAbsolute32	0	static
../Core/Src/HT7036.c:205:6:powerMultiReadSensor	72	static
../Core/Src/HT7036.c:394:6:powerCalibMode	8	static
../Core/Src/HT7036.c:325:6:powerMultiCalib	24	static
../Core/Src/HT7036.c:340:6:powerSingleCalib	16	static
../Core/Src/HT7036.c:353:10:powerSingleRecalib	32	static
../Core/Src/HT7036.c:404:7:calcVoltDif	8	static
../Core/Src/HT7036.c:408:7:calcMeterConstant	24	static
../Core/Src/HT7036.c:415:7:coefPower	8	static
../Core/Src/HT7036.c:416:10:floatToInt32	0	static
../Core/Src/HT7036.c:417:7:int32ToFloat	0	static
../Core/Src/HT7036.c:420:10:byte64High1	0	static
../Core/Src/HT7036.c:421:10:byte64High2	0	static
../Core/Src/HT7036.c:422:10:byte64Low1	0	static
../Core/Src/HT7036.c:423:10:byte64Low2	0	static
../Core/Src/HT7036.c:424:9:byte16Low	0	static
../Core/Src/HT7036.c:425:9:byte16High	0	static
../Core/Src/HT7036.c:426:10:byte32High	0	static
../Core/Src/HT7036.c:427:10:byte32Low	0	static
../Core/Src/HT7036.c:428:6:uint64ToUint8	8	static
../Core/Src/HT7036.c:439:6:uint8Touint64	8	static
../Core/Src/HT7036.c:457:10:uint32ToUint64	0	static
../Core/Src/HT7036.c:458:10:uint16ToUint32	0	static
../Core/Src/HT7036.c:459:10:uint8ToUint16	0	static
