../Core/Src/HT7036.c:65:6:spiDisable	8	static
../Core/Src/HT7036.c:66:6:spiEnable	8	static
../Core/Src/HT7036.c:68:19:spiCommandSpecial	24	static
../Core/Src/HT7036.c:403:6:powerCalibMode.part.0	8	static
../Core/Src/HT7036.c:84:10:spiReadCalib	24	static
../Core/Src/HT7036.c:105:19:spiWriteCalib	24	static
../Core/Src/HT7036.c:121:10:spiRead24	32	static
../Core/Src/HT7036.c:143:6:powerInit	8	static
../Core/Src/HT7036.c:148:6:powerSetup	32	static
../Core/Src/HT7036.c:267:10:powerScanValue	16	static
../Core/Src/HT7036.c:278:9:unsignToSign	0	static
../Core/Src/HT7036.c:301:10:powerCalculateCalib	16	static
../Core/Src/HT7036.c:328:6:powerRestoreCalib	8	static
../Core/Src/HT7036.c:391:6:handleAbsolute	16	static
../Core/Src/HT7036.c:397:6:handleAbsolute32	0	static
../Core/Src/HT7036.c:209:6:powerMultiReadSensor	64	static
../Core/Src/HT7036.c:403:6:powerCalibMode	8	static
../Core/Src/HT7036.c:334:6:powerMultiCalib	24	static
../Core/Src/HT7036.c:349:6:powerSingleCalib	16	static
../Core/Src/HT7036.c:362:10:powerSingleRecalib	32	static
../Core/Src/HT7036.c:413:7:calcVoltDif	8	static
../Core/Src/HT7036.c:417:7:calcMeterConstant	24	static
../Core/Src/HT7036.c:424:7:coefPower	8	static
../Core/Src/HT7036.c:425:10:floatToInt32	0	static
../Core/Src/HT7036.c:426:7:int32ToFloat	0	static
../Core/Src/HT7036.c:429:10:byte64High1	0	static
../Core/Src/HT7036.c:430:10:byte64High2	0	static
../Core/Src/HT7036.c:431:10:byte64Low1	0	static
../Core/Src/HT7036.c:432:10:byte64Low2	0	static
../Core/Src/HT7036.c:433:9:byte16Low	0	static
../Core/Src/HT7036.c:434:9:byte16High	0	static
../Core/Src/HT7036.c:435:10:byte32High	0	static
../Core/Src/HT7036.c:436:10:byte32Low	0	static
../Core/Src/HT7036.c:437:6:uint64ToUint8	8	static
../Core/Src/HT7036.c:448:6:uint8Touint64	8	static
../Core/Src/HT7036.c:465:10:uint32ToUint64	0	static
../Core/Src/HT7036.c:466:10:uint16ToUint32	0	static
../Core/Src/HT7036.c:467:10:uint8ToUint16	0	static
