../Core/Src/HT7036.c:76:6:spiDisable	8	static
../Core/Src/HT7036.c:77:6:spiEnable	8	static
../Core/Src/HT7036.c:79:19:spiCommandSpecial	24	static
../Core/Src/HT7036.c:482:6:powerCalibMode.part.0	8	static
../Core/Src/HT7036.c:95:10:spiReadCalib	24	static
../Core/Src/HT7036.c:115:19:spiWriteCalib	24	static
../Core/Src/HT7036.c:131:10:spiRead24	32	static
../Core/Src/HT7036.c:152:6:powerInit	8	static
../Core/Src/HT7036.c:157:6:powerSetup	32	static
../Core/Src/HT7036.c:222:6:EXpowerHandleTreshold	16	static
../Core/Src/HT7036.c:346:10:powerScanValue	16	static
../Core/Src/HT7036.c:357:9:unsignToSign	0	static
../Core/Src/HT7036.c:380:10:powerCalculateCalib	16	static
../Core/Src/HT7036.c:407:6:powerRestoreCalib	8	static
../Core/Src/HT7036.c:470:6:handleAbsolute	16	static
../Core/Src/HT7036.c:476:6:handleAbsolute32	0	static
../Core/Src/HT7036.c:227:6:powerMultiReadSensor	64	static
../Core/Src/HT7036.c:482:6:powerCalibMode	8	static
../Core/Src/HT7036.c:413:6:powerMultiCalib	24	static
../Core/Src/HT7036.c:428:6:powerSingleCalib	16	static
../Core/Src/HT7036.c:441:10:powerSingleRecalib	32	static
../Core/Src/HT7036.c:492:7:calcVoltDif	8	static
../Core/Src/HT7036.c:496:7:calcMeterConstant	24	static
../Core/Src/HT7036.c:503:7:coefPower	8	static
../Core/Src/HT7036.c:504:10:floatToInt32	0	static
../Core/Src/HT7036.c:505:7:int32ToFloat	0	static
../Core/Src/HT7036.c:508:10:byte64High1	0	static
../Core/Src/HT7036.c:509:10:byte64High2	0	static
../Core/Src/HT7036.c:510:10:byte64Low1	0	static
../Core/Src/HT7036.c:511:10:byte64Low2	0	static
../Core/Src/HT7036.c:512:9:byte16Low	0	static
../Core/Src/HT7036.c:513:9:byte16High	0	static
../Core/Src/HT7036.c:514:10:byte32High	0	static
../Core/Src/HT7036.c:515:10:byte32Low	0	static
../Core/Src/HT7036.c:516:6:uint64ToUint8	8	static
../Core/Src/HT7036.c:527:6:uint8Touint64	8	static
../Core/Src/HT7036.c:544:10:uint32ToUint64	0	static
../Core/Src/HT7036.c:545:10:uint16ToUint32	0	static
../Core/Src/HT7036.c:546:10:uint8ToUint16	0	static
