../Core/Src/HT7036.c:61:6:spiDisable	8	static
../Core/Src/HT7036.c:62:6:spiEnable	8	static
../Core/Src/HT7036.c:64:19:spiCommandSpecial	24	static
../Core/Src/HT7036.c:429:6:powerCalibMode.part.0	8	static
../Core/Src/HT7036.c:80:10:spiReadCalib	24	static
../Core/Src/HT7036.c:101:19:spiWriteCalib	24	static
../Core/Src/HT7036.c:117:10:spiRead24	32	static
../Core/Src/HT7036.c:139:6:powerInit	8	static
../Core/Src/HT7036.c:144:6:powerSetup	32	static
../Core/Src/HT7036.c:293:10:powerScanValue	16	static
../Core/Src/HT7036.c:304:9:unsignToSign	0	static
../Core/Src/HT7036.c:327:10:powerCalculateCalib	8	static
../Core/Src/HT7036.c:354:6:powerRestoreCalib	8	static
../Core/Src/HT7036.c:417:6:handleAbsolute	16	static
../Core/Src/HT7036.c:423:6:handleAbsolute32	0	static
../Core/Src/HT7036.c:205:6:powerMultiReadSensor	64	static
../Core/Src/HT7036.c:429:6:powerCalibMode	8	static
../Core/Src/HT7036.c:360:6:powerMultiCalib	24	static
../Core/Src/HT7036.c:375:6:powerSingleCalib	16	static
../Core/Src/HT7036.c:388:10:powerSingleRecalib	32	static
../Core/Src/HT7036.c:439:7:calcVoltDif	8	static
../Core/Src/HT7036.c:443:7:calcMeterConstant	24	static
../Core/Src/HT7036.c:450:7:coefPower	8	static
../Core/Src/HT7036.c:451:10:floatToInt32	0	static
../Core/Src/HT7036.c:452:7:int32ToFloat	0	static
../Core/Src/HT7036.c:455:10:byte64High1	0	static
../Core/Src/HT7036.c:456:10:byte64High2	0	static
../Core/Src/HT7036.c:457:10:byte64Low1	0	static
../Core/Src/HT7036.c:458:10:byte64Low2	0	static
../Core/Src/HT7036.c:459:9:byte16Low	0	static
../Core/Src/HT7036.c:460:9:byte16High	0	static
../Core/Src/HT7036.c:461:6:uint64ToUint8	8	static
../Core/Src/HT7036.c:472:6:uint8Touint64	12	static
../Core/Src/HT7036.c:490:10:uint32ToUint64	0	static
../Core/Src/HT7036.c:491:10:uint16ToUint32	0	static
../Core/Src/HT7036.c:492:10:uint8ToUint16	0	static
