../Core/Src/HT7036.c:16:6:spiDisable	8	static
../Core/Src/HT7036.c:17:6:spiEnable	8	static
../Core/Src/HT7036.c:19:19:spiWrite16	24	static
../Core/Src/HT7036.c:36:19:spiWrite24	24	static
../Core/Src/HT7036.c:52:19:spiCommandSpecial	24	static
../Core/Src/HT7036.c:371:6:powerCalibMode.part.0	8	static
../Core/Src/HT7036.c:68:10:spiReadCalib	24	static
../Core/Src/HT7036.c:89:19:spiWriteCalib	8	static
../Core/Src/HT7036.c:105:10:spiRead16	24	static
../Core/Src/HT7036.c:124:10:spiRead24	32	static
../Core/Src/HT7036.c:146:6:powerInit	8	static
../Core/Src/HT7036.c:151:6:powerSetup	32	static
../Core/Src/HT7036.c:202:6:powerMultiReadSensor	120	static
../Core/Src/HT7036.c:250:10:powerScanValue	16	static
../Core/Src/HT7036.c:261:9:unsignToSign	0	static
../Core/Src/HT7036.c:284:10:powerCalculateCalib	8	static
../Core/Src/HT7036.c:311:6:powerRestoreCalib	8	static
../Core/Src/HT7036.c:365:6:handleAbsolute	0	static
../Core/Src/HT7036.c:371:6:powerCalibMode	8	static
../Core/Src/HT7036.c:317:6:powerMultiCalib	24	static
../Core/Src/HT7036.c:332:6:powerSingleCalib	16	static
../Core/Src/HT7036.c:345:10:powerSingleRecalib	40	static
../Core/Src/HT7036.c:382:7:coefPower	8	static
../Core/Src/HT7036.c:386:7:calcMeterConstant	24	static
../Core/Src/HT7036.c:390:7:calcVoltDif	8	static
../Core/Src/HT7036.c:395:10:floatToInt32	0	static
../Core/Src/HT7036.c:398:7:int32ToFloat	0	static
../Core/Src/HT7036.c:402:10:byte64High1	0	static
../Core/Src/HT7036.c:403:10:byte64High2	0	static
../Core/Src/HT7036.c:404:10:byte64Low1	0	static
../Core/Src/HT7036.c:405:10:byte64Low2	0	static
../Core/Src/HT7036.c:407:6:powerDebug	88	static
