../Core/Src/HT7036.c:6:6:spiDisable	8	static
../Core/Src/HT7036.c:7:6:spiEnable	8	static
../Core/Src/HT7036.c:9:19:spiWrite16	40	static
../Core/Src/HT7036.c:26:19:spiWrite24	40	static
../Core/Src/HT7036.c:42:19:spiCommandSpecial	40	static
../Core/Src/HT7036.c:58:10:spiReadCalib	48	static
../Core/Src/HT7036.c:79:19:spiWriteCalib	40	static
../Core/Src/HT7036.c:95:10:spiRead16	40	static
../Core/Src/HT7036.c:114:10:spiRead24	56	static
../Core/Src/HT7036.c:136:6:powerInit	8	static
../Core/Src/HT7036.c:141:6:powerSetup	32	static
../Core/Src/HT7036.c:192:6:powerMultiReadSensor	48	static
../Core/Src/HT7036.c:234:6:powerSingleReadSensor	24	static
../Core/Src/HT7036.c:239:10:powerScanValue	32	static
../Core/Src/HT7036.c:250:9:unsignToSign	24	static
../Core/Src/HT7036.c:273:10:powerCalculateCalib	40	static
../Core/Src/HT7036.c:300:6:powerRestoreCalib	8	static
../Core/Src/HT7036.c:306:6:powerCalib	40	static
../Core/Src/HT7036.c:322:6:handleAbsolute	16	static
