../Core/Src/HT7036.c:45:6:spiDisable	8	static
../Core/Src/HT7036.c:46:6:spiEnable	8	static
../Core/Src/HT7036.c:48:19:spiWrite16	40	static
../Core/Src/HT7036.c:65:19:spiWrite24	40	static
../Core/Src/HT7036.c:81:19:spiCommandSpecial	40	static
../Core/Src/HT7036.c:97:10:spiReadCalib	48	static
../Core/Src/HT7036.c:118:19:spiWriteCalib	40	static
../Core/Src/HT7036.c:134:10:spiRead16	40	static
../Core/Src/HT7036.c:153:10:spiRead24	56	static
../Core/Src/HT7036.c:175:6:powerInit	8	static
../Core/Src/HT7036.c:180:6:powerSetup	32	static
