../Core/Src/HT7036.c:44:6:spiDisable	8	static
../Core/Src/HT7036.c:45:6:spiEnable	8	static
../Core/Src/HT7036.c:47:19:spiCommandSpecial	24	static
../Core/Src/HT7036.c:360:6:powerCalibMode.part.0	8	static
../Core/Src/HT7036.c:63:10:spiReadCalib	24	static
../Core/Src/HT7036.c:84:19:spiWriteCalib	24	static
../Core/Src/HT7036.c:100:10:spiRead24	32	static
../Core/Src/HT7036.c:122:6:powerInit	8	static
../Core/Src/HT7036.c:127:6:powerSetup	32	static
../Core/Src/HT7036.c:227:10:powerScanValue	16	static
../Core/Src/HT7036.c:238:9:unsignToSign	0	static
../Core/Src/HT7036.c:261:10:powerCalculateCalib	8	static
../Core/Src/HT7036.c:288:6:powerRestoreCalib	8	static
../Core/Src/HT7036.c:348:6:handleAbsolute	16	static
../Core/Src/HT7036.c:354:6:handleAbsolute32	0	static
../Core/Src/HT7036.c:178:6:powerMultiReadSensor	64	static
../Core/Src/HT7036.c:360:6:powerCalibMode	8	static
../Core/Src/HT7036.c:294:6:powerMultiCalib	24	static
../Core/Src/HT7036.c:309:6:powerSingleCalib	16	static
../Core/Src/HT7036.c:322:10:powerSingleRecalib	32	static
../Core/Src/HT7036.c:370:7:calcVoltDif	8	static
../Core/Src/HT7036.c:374:7:calcMeterConstant	24	static
../Core/Src/HT7036.c:381:7:coefPower	8	static
../Core/Src/HT7036.c:382:10:floatToInt32	0	static
../Core/Src/HT7036.c:383:7:int32ToFloat	0	static
../Core/Src/HT7036.c:386:10:byte64High1	0	static
../Core/Src/HT7036.c:387:10:byte64High2	0	static
../Core/Src/HT7036.c:388:10:byte64Low1	0	static
../Core/Src/HT7036.c:389:10:byte64Low2	0	static
../Core/Src/HT7036.c:390:9:byte16Low	0	static
../Core/Src/HT7036.c:391:9:byte16High	0	static
../Core/Src/HT7036.c:392:6:uint64ToUint8	8	static
../Core/Src/HT7036.c:403:6:uint8Touint64	12	static
../Core/Src/HT7036.c:421:10:uint32ToUint64	0	static
../Core/Src/HT7036.c:422:10:uint16ToUint32	0	static
../Core/Src/HT7036.c:423:10:uint8ToUint16	0	static
