../Core/Src/main.c:236:6:serialPrint	8	static
../Core/Src/main.c:254:10:byteLow32	0	static
../Core/Src/main.c:255:10:byteHigh32	0	static
../Core/Src/main.c:365:6:SystemClock_Config	80	static,ignoring_inline_asm
../Core/Src/main.c:439:6:modbusValueUpdateNew	32	static
../Core/Src/main.c:473:6:modbusValueUpdateOld	48	static
../Core/Src/main.c:522:6:powerCalibLoop	56	static,ignoring_inline_asm
../Core/Src/main.c:653:6:eepromLoad	48	static
../Core/Src/main.c:821:6:eepromEncode	64	static
../Core/Src/main.c:906:6:powerHandleCalib	40	static
../Core/Src/main.c:888:6:powerSplitValue	8	static
../Core/Src/main.c:400:6:powerMeterSetup	72	static
../Core/Src/main.c:776:6:eepromLoop	80	static
../Core/Src/main.c:275:5:main	56	static
../Core/Src/main.c:957:6:Error_Handler	0	static,ignoring_inline_asm
