../Core/Src/main.c:227:6:serialPrint	8	static
../Core/Src/main.c:245:10:byteLow32	0	static
../Core/Src/main.c:246:10:byteHigh32	0	static
../Core/Src/main.c:362:6:SystemClock_Config	80	static,ignoring_inline_asm
../Core/Src/main.c:397:6:powerMeterSetup	64	static
../Core/Src/main.c:432:6:modbusValueUpdateNew	32	static
../Core/Src/main.c:466:6:modbusValueUpdateOld	48	static
../Core/Src/main.c:515:6:powerCalibLoop	56	static,ignoring_inline_asm
../Core/Src/main.c:633:6:eepromLoad	16	static
../Core/Src/main.c:688:6:eepromEncode	64	static
../Core/Src/main.c:770:6:powerHandleCalib	40	static
../Core/Src/main.c:755:6:powerSplitValue	8	static
../Core/Src/main.c:644:6:eepromLoop	96	static
../Core/Src/main.c:265:5:main	64	static
../Core/Src/main.c:821:6:Error_Handler	0	static,ignoring_inline_asm
