../Core/Src/main.c:283:6:serialPrint	8	static
../Core/Src/main.c:307:10:byteLow32	0	static
../Core/Src/main.c:308:10:byteHigh32	0	static
../Core/Src/main.c:334:6:handleConfirmAltitude	16	static
../Core/Src/main.c:342:6:handleErrorDiff	24	static
../Core/Src/main.c:539:6:SystemClock_Config	80	static,ignoring_inline_asm
../Core/Src/main.c:368:5:main	48	static
../Core/Src/main.c:617:6:modbusValueUpdateNew	32	static
../Core/Src/main.c:651:6:modbusValueUpdateOld	56	static
../Core/Src/main.c:698:6:powerCalibLoop	80	static,ignoring_inline_asm
../Core/Src/main.c:868:6:eepromLoad	48	static
../Core/Src/main.c:1073:6:eepromEncode	72	static
../Core/Src/main.c:1167:6:powerHandleCalib	40	static
../Core/Src/main.c:1149:6:powerSplitValue	8	static
../Core/Src/main.c:574:6:powerMeterSetup	72	static
../Core/Src/main.c:1050:6:eepromLoop	88	static
../Core/Src/main.c:1212:6:HAL_TIM_PeriodElapsedCallback	24	static
../Core/Src/main.c:1235:6:HAL_GPIO_EXTI_Callback	8	static
../Core/Src/main.c:1262:6:Error_Handler	0	static,ignoring_inline_asm
