../Core/Src/main.c:238:6:serialPrint	8	static
../Core/Src/main.c:256:10:byteLow32	0	static
../Core/Src/main.c:257:10:byteHigh32	0	static
../Core/Src/main.c:368:6:SystemClock_Config	80	static,ignoring_inline_asm
../Core/Src/main.c:446:6:modbusValueUpdateNew	32	static
../Core/Src/main.c:480:6:modbusValueUpdateOld	56	static
../Core/Src/main.c:527:6:powerCalibLoop	80	static,ignoring_inline_asm
../Core/Src/main.c:692:6:eepromLoad	48	static
../Core/Src/main.c:885:6:eepromEncode	64	static
../Core/Src/main.c:970:6:powerHandleCalib	40	static
../Core/Src/main.c:952:6:powerSplitValue	8	static
../Core/Src/main.c:403:6:powerMeterSetup	72	static
../Core/Src/main.c:840:6:eepromLoop	80	static
../Core/Src/main.c:277:5:main	56	static
../Core/Src/main.c:1021:6:Error_Handler	0	static,ignoring_inline_asm
