../Core/Src/main.c:183:6:serialPrint	8	static
../Core/Src/main.c:185:10:byteLow32	0	static
../Core/Src/main.c:186:10:byteHigh32	0	static
../Core/Src/main.c:309:6:SystemClock_Config	80	static,ignoring_inline_asm
../Core/Src/main.c:344:6:powerMeterSetup	64	static
../Core/Src/main.c:379:6:modbusValueUpdateNew	32	static
../Core/Src/main.c:413:6:modbusValueUpdateOld	48	static
../Core/Src/main.c:459:6:powerCalibLoop	56	static,ignoring_inline_asm
../Core/Src/main.c:584:6:powerHandleCalib	40	static
../Core/Src/main.c:569:6:powerSplitValue	8	static
../Core/Src/main.c:203:5:main	80	static
../Core/Src/main.c:635:6:Error_Handler	0	static,ignoring_inline_asm
