../Core/Src/main.c:203:6:serialPrint	8	static
../Core/Src/main.c:233:10:byteLow32	0	static
../Core/Src/main.c:234:10:byteHigh32	0	static
../Core/Src/main.c:336:6:SystemClock_Config	80	static,ignoring_inline_asm
../Core/Src/main.c:371:6:backlightHandle	8	static
../Core/Src/main.c:423:6:modbusValueUpdate	56	static
../Core/Src/main.c:489:6:powerCalibLoop	80	static,ignoring_inline_asm
../Core/Src/main.c:697:6:eepromLoad	56	static
../Core/Src/main.c:984:6:eepromEncode	96	static
../Core/Src/main.c:1161:6:powerHandleTreshold	16	static
../Core/Src/main.c:1123:6:powerHandleTresholdGroup	16	static
../Core/Src/main.c:1166:6:powerHandleCalib	48	static
../Core/Src/main.c:1089:6:powerSplitValue	184	static
../Core/Src/main.c:378:6:powerMeterSetup	72	static
../Core/Src/main.c:950:6:eepromLoop	136	static
../Core/Src/main.c:256:5:main	32	static
../Core/Src/main.c:1211:6:HAL_TIM_PeriodElapsedCallback	24	static
../Core/Src/main.c:1236:6:HAL_GPIO_EXTI_Callback	16	static
../Core/Src/main.c:1268:6:Error_Handler	0	static,ignoring_inline_asm
