../Core/Src/main.c:256:10:byteLow32	0	static
../Core/Src/main.c:257:10:byteHigh32	0	static
../Core/Src/main.c:362:6:SystemClock_Config	80	static,ignoring_inline_asm
../Core/Src/main.c:397:6:backlightHandle	8	static
../Core/Src/main.c:449:6:modbusValueUpdate	56	static
../Core/Src/main.c:518:6:powerCalibLoop	80	static,ignoring_inline_asm
../Core/Src/main.c:774:6:eepromLoad	56	static
../Core/Src/main.c:1135:6:eepromEncode	104	static
../Core/Src/main.c:1335:6:powerHandleTreshold	16	static
../Core/Src/main.c:1297:6:powerHandleTresholdGroup	16	static
../Core/Src/main.c:1340:6:powerHandleCalib	56	static
../Core/Src/main.c:1263:6:powerSplitValue	184	static
../Core/Src/main.c:404:6:powerMeterSetup	72	static
../Core/Src/main.c:1079:6:eepromLoop	184	static
../Core/Src/main.c:1425:6:HAL_TIM_PeriodElapsedCallback	24	static
../Core/Src/main.c:1450:6:HAL_GPIO_EXTI_Callback	16	static
../Core/Src/main.c:1476:6:decodeGain	16	static
../Core/Src/main.c:1489:6:handlingPowerInit	24	static
../Core/Src/main.c:280:5:main	32	static
../Core/Src/main.c:1532:6:Error_Handler	0	static,ignoring_inline_asm
