../Core/Src/main.c:200:6:serialPrint	8	static
../Core/Src/main.c:228:10:byteLow32	0	static
../Core/Src/main.c:229:10:byteHigh32	0	static
../Core/Src/main.c:331:6:SystemClock_Config	80	static,ignoring_inline_asm
../Core/Src/main.c:366:6:backlightHandle	8	static
../Core/Src/main.c:418:6:modbusValueUpdate	56	static
../Core/Src/main.c:484:6:powerCalibLoop	80	static,ignoring_inline_asm
../Core/Src/main.c:679:6:eepromLoad	64	static
../Core/Src/main.c:945:6:eepromEncode	88	static
../Core/Src/main.c:1110:6:powerHandleTreshold	16	static
../Core/Src/main.c:1072:6:powerHandleTresholdGroup	16	static
../Core/Src/main.c:1115:6:powerHandleCalib	48	static
../Core/Src/main.c:1038:6:powerSplitValue	176	static
../Core/Src/main.c:373:6:powerMeterSetup	72	static
../Core/Src/main.c:911:6:eepromLoop	128	static
../Core/Src/main.c:251:5:main	32	static
../Core/Src/main.c:1160:6:HAL_TIM_PeriodElapsedCallback	24	static
../Core/Src/main.c:1185:6:HAL_GPIO_EXTI_Callback	16	static
../Core/Src/main.c:1217:6:Error_Handler	0	static,ignoring_inline_asm
