../Core/Src/main.c:245:6:serialPrint	8	static
../Core/Src/main.c:267:10:byteLow32	0	static
../Core/Src/main.c:268:10:byteHigh32	0	static
../Core/Src/main.c:389:6:SystemClock_Config	80	static,ignoring_inline_asm
../Core/Src/main.c:467:6:modbusValueUpdateNew	32	static
../Core/Src/main.c:501:6:modbusValueUpdateOld	56	static
../Core/Src/main.c:548:6:powerCalibLoop	80	static,ignoring_inline_asm
../Core/Src/main.c:713:6:eepromLoad	48	static
../Core/Src/main.c:906:6:eepromEncode	64	static
../Core/Src/main.c:991:6:powerHandleCalib	40	static
../Core/Src/main.c:973:6:powerSplitValue	8	static
../Core/Src/main.c:424:6:powerMeterSetup	72	static
../Core/Src/main.c:861:6:eepromLoop	80	static
../Core/Src/main.c:288:5:main	56	static
../Core/Src/main.c:1036:6:HAL_TIM_PeriodElapsedCallback	24	static
../Core/Src/main.c:1058:6:HAL_GPIO_EXTI_Callback	8	static
../Core/Src/main.c:1097:6:Error_Handler	0	static,ignoring_inline_asm
