../Core/Src/main.c:160:6:serialPrint	8	static
../Core/Src/main.c:162:10:byteLow32	0	static
../Core/Src/main.c:163:10:byteHigh32	0	static
../Core/Src/main.c:257:6:SystemClock_Config	80	static,ignoring_inline_asm
../Core/Src/main.c:292:6:powerMeterSetup	32	static
../Core/Src/main.c:327:6:modbusValueUpdate	32	static
../Core/Src/main.c:361:6:powerCalibLoop	56	static,ignoring_inline_asm
../Core/Src/main.c:438:6:splitValueSensor	0	static
../Core/Src/main.c:178:5:main	56	static
../Core/Src/main.c:453:6:Error_Handler	0	static,ignoring_inline_asm
