../Core/Src/main.c:181:6:serialPrint	8	static
../Core/Src/main.c:183:10:byteLow32	0	static
../Core/Src/main.c:184:10:byteHigh32	0	static
../Core/Src/main.c:297:6:SystemClock_Config	80	static,ignoring_inline_asm
../Core/Src/main.c:330:6:powerMeterSetup	64	static
../Core/Src/main.c:365:6:modbusValueUpdateNew	32	static
../Core/Src/main.c:399:6:modbusValueUpdateOld	48	static
../Core/Src/main.c:445:6:powerCalibLoop	56	static,ignoring_inline_asm
../Core/Src/main.c:570:6:powerHandleCalib	40	static
../Core/Src/main.c:555:6:powerSplitValue	8	static
../Core/Src/main.c:201:5:main	56	static
../Core/Src/main.c:621:6:Error_Handler	0	static,ignoring_inline_asm
