../Core/Src/main.c:245:10:byteLow32	0	static
../Core/Src/main.c:246:10:byteHigh32	0	static
../Core/Src/main.c:347:6:SystemClock_Config	80	static,ignoring_inline_asm
../Core/Src/main.c:382:6:backlightHandle	8	static
../Core/Src/main.c:434:6:modbusValueUpdate	56	static
../Core/Src/main.c:503:6:powerCalibLoop	80	static,ignoring_inline_asm
../Core/Src/main.c:759:6:eepromLoad	56	static
../Core/Src/main.c:1088:6:eepromEncode	112	static
../Core/Src/main.c:1274:6:powerHandleTreshold	16	static
../Core/Src/main.c:1236:6:powerHandleTresholdGroup	16	static
../Core/Src/main.c:1279:6:powerHandleCalib	48	static
../Core/Src/main.c:1202:6:powerSplitValue	184	static
../Core/Src/main.c:389:6:powerMeterSetup	72	static
../Core/Src/main.c:1049:6:eepromLoop	168	static
../Core/Src/main.c:268:5:main	32	static
../Core/Src/main.c:1358:6:HAL_TIM_PeriodElapsedCallback	24	static
../Core/Src/main.c:1383:6:HAL_GPIO_EXTI_Callback	16	static
../Core/Src/main.c:1409:6:decodeGain	16	static
../Core/Src/main.c:1429:6:Error_Handler	0	static,ignoring_inline_asm
