../Core/Src/main.c:243:10:byteLow32	0	static
../Core/Src/main.c:244:10:byteHigh32	0	static
../Core/Src/main.c:346:6:SystemClock_Config	80	static,ignoring_inline_asm
../Core/Src/main.c:381:6:backlightHandle	8	static
../Core/Src/main.c:433:6:modbusValueUpdate	56	static
../Core/Src/main.c:499:6:powerCalibLoop	80	static,ignoring_inline_asm
../Core/Src/main.c:755:6:eepromLoad	56	static
../Core/Src/main.c:1084:6:eepromEncode	112	static
../Core/Src/main.c:1270:6:powerHandleTreshold	16	static
../Core/Src/main.c:1232:6:powerHandleTresholdGroup	16	static
../Core/Src/main.c:1275:6:powerHandleCalib	48	static
../Core/Src/main.c:1198:6:powerSplitValue	184	static
../Core/Src/main.c:388:6:powerMeterSetup	72	static
../Core/Src/main.c:1045:6:eepromLoop	168	static
../Core/Src/main.c:266:5:main	32	static
../Core/Src/main.c:1346:6:HAL_TIM_PeriodElapsedCallback	24	static
../Core/Src/main.c:1371:6:HAL_GPIO_EXTI_Callback	16	static
../Core/Src/main.c:1397:6:decodeGain	16	static
../Core/Src/main.c:1417:6:Error_Handler	0	static,ignoring_inline_asm
