../Core/Src/main.c:283:6:serialPrint	8	static
../Core/Src/main.c:307:10:byteLow32	0	static
../Core/Src/main.c:308:10:byteHigh32	0	static
../Core/Src/main.c:334:6:handleConfirmAltitude	16	static
../Core/Src/main.c:342:6:handleErrorDiff	24	static
../Core/Src/main.c:516:6:SystemClock_Config	80	static,ignoring_inline_asm
../Core/Src/main.c:594:6:modbusValueUpdateNew	32	static
../Core/Src/main.c:628:6:modbusValueUpdateOld	56	static
../Core/Src/main.c:675:6:powerCalibLoop	80	static,ignoring_inline_asm
../Core/Src/main.c:845:6:eepromLoad	48	static
../Core/Src/main.c:1050:6:eepromEncode	72	static
../Core/Src/main.c:1144:6:powerHandleCalib	40	static
../Core/Src/main.c:1126:6:powerSplitValue	8	static
../Core/Src/main.c:551:6:powerMeterSetup	72	static
../Core/Src/main.c:1027:6:eepromLoop	88	static
../Core/Src/main.c:368:5:main	56	static
../Core/Src/main.c:1189:6:HAL_TIM_PeriodElapsedCallback	24	static
../Core/Src/main.c:1212:6:HAL_GPIO_EXTI_Callback	8	static
../Core/Src/main.c:1239:6:Error_Handler	0	static,ignoring_inline_asm
