../Core/Src/main.c:165:6:serialPrint	8	static
../Core/Src/main.c:167:10:byteLow32	0	static
../Core/Src/main.c:168:10:byteHigh32	0	static
../Core/Src/main.c:265:6:SystemClock_Config	80	static,ignoring_inline_asm
../Core/Src/main.c:298:6:powerMeterSetup	32	static
../Core/Src/main.c:333:6:modbusValueUpdateNew	32	static
../Core/Src/main.c:367:6:modbusValueUpdateOld	48	static
../Core/Src/main.c:413:6:powerCalibLoop	56	static,ignoring_inline_asm
../Core/Src/main.c:482:6:splitValueSensor	0	static
../Core/Src/main.c:183:5:main	56	static
../Core/Src/main.c:497:6:Error_Handler	0	static,ignoring_inline_asm
