../Core/Src/main.c:256:10:byteLow32	1
../Core/Src/main.c:257:10:byteHigh32	1
../Core/Src/main.c:364:6:SystemClock_Config	3
../Core/Src/main.c:399:6:backlightHandle	3
../Core/Src/main.c:451:6:modbusValueUpdate	7
../Core/Src/main.c:520:6:powerCalibLoop	73
../Core/Src/main.c:776:6:eepromLoad	95
../Core/Src/main.c:1137:6:eepromEncode	1
../Core/Src/main.c:1337:6:powerHandleTreshold	3
../Core/Src/main.c:1299:6:powerHandleTresholdGroup	1
../Core/Src/main.c:1342:6:powerHandleCalib	36
../Core/Src/main.c:1265:6:powerSplitValue	1
../Core/Src/main.c:406:6:powerMeterSetup	1
../Core/Src/main.c:1081:6:eepromLoop	8
../Core/Src/main.c:1427:6:HAL_TIM_PeriodElapsedCallback	6
../Core/Src/main.c:1452:6:HAL_GPIO_EXTI_Callback	9
../Core/Src/main.c:1478:6:decodeGain	3
../Core/Src/main.c:1491:6:handlingPowerInit	12
../Core/Src/main.c:280:5:main	1
../Core/Src/main.c:1534:6:Error_Handler	1
