../Core/Src/main.c:248:10:byteLow32	0	static
../Core/Src/main.c:249:10:byteHigh32	0	static
../Core/Src/main.c:353:6:SystemClock_Config	80	static,ignoring_inline_asm
../Core/Src/main.c:388:6:backlightHandle	8	static
../Core/Src/main.c:440:6:modbusValueUpdate	56	static
../Core/Src/main.c:509:6:powerCalibLoop	80	static,ignoring_inline_asm
../Core/Src/main.c:765:6:eepromLoad	56	static
../Core/Src/main.c:1094:6:eepromEncode	112	static
../Core/Src/main.c:1280:6:powerHandleTreshold	16	static
../Core/Src/main.c:1242:6:powerHandleTresholdGroup	16	static
../Core/Src/main.c:1285:6:powerHandleCalib	56	static
../Core/Src/main.c:1208:6:powerSplitValue	184	static
../Core/Src/main.c:395:6:powerMeterSetup	72	static
../Core/Src/main.c:1055:6:eepromLoop	168	static
../Core/Src/main.c:1370:6:HAL_TIM_PeriodElapsedCallback	24	static
../Core/Src/main.c:1395:6:HAL_GPIO_EXTI_Callback	16	static
../Core/Src/main.c:1421:6:decodeGain	16	static
../Core/Src/main.c:1434:6:handlingPowerInit	24	static
../Core/Src/main.c:272:5:main	32	static
../Core/Src/main.c:1477:6:Error_Handler	0	static,ignoring_inline_asm
