../Core/Src/main.c:256:10:byteLow32	0	static
../Core/Src/main.c:257:10:byteHigh32	0	static
../Core/Src/main.c:364:6:SystemClock_Config	80	static,ignoring_inline_asm
../Core/Src/main.c:399:6:backlightHandle	8	static
../Core/Src/main.c:451:6:modbusValueUpdate	56	static
../Core/Src/main.c:520:6:powerCalibLoop	80	static,ignoring_inline_asm
../Core/Src/main.c:776:6:eepromLoad	56	static
../Core/Src/main.c:1139:6:eepromEncode	104	static
../Core/Src/main.c:1339:6:powerHandleTreshold	16	static
../Core/Src/main.c:1301:6:powerHandleTresholdGroup	16	static
../Core/Src/main.c:1344:6:powerHandleCalib	56	static
../Core/Src/main.c:1267:6:powerSplitValue	184	static
../Core/Src/main.c:406:6:powerMeterSetup	72	static
../Core/Src/main.c:1081:6:eepromLoop	184	static
../Core/Src/main.c:1429:6:HAL_TIM_PeriodElapsedCallback	32	static
../Core/Src/main.c:1454:6:HAL_GPIO_EXTI_Callback	16	static
../Core/Src/main.c:1480:6:decodeGain	16	static
../Core/Src/main.c:1493:6:handlingPowerInit	24	static
../Core/Src/main.c:280:5:main	32	static
../Core/Src/main.c:1536:6:Error_Handler	0	static,ignoring_inline_asm
