../Core/Src/main.c:264:6:serialPrint	8	static
../Core/Src/main.c:288:10:byteLow32	0	static
../Core/Src/main.c:289:10:byteHigh32	0	static
../Core/Src/main.c:394:6:SystemClock_Config	80	static,ignoring_inline_asm
../Core/Src/main.c:472:6:modbusValueUpdate	56	static
../Core/Src/main.c:528:6:powerCalibLoop	80	static,ignoring_inline_asm
../Core/Src/main.c:698:6:eepromLoad	48	static
../Core/Src/main.c:901:6:eepromEncode	72	static
../Core/Src/main.c:1001:6:powerHandleTreshold	24	static
../Core/Src/main.c:1024:6:powerHandleCalib	40	static
../Core/Src/main.c:977:6:powerSplitValue	32	static
../Core/Src/main.c:429:6:powerMeterSetup	72	static
../Core/Src/main.c:878:6:eepromLoop	88	static
../Core/Src/main.c:313:5:main	48	static
../Core/Src/main.c:1069:6:HAL_TIM_PeriodElapsedCallback	24	static
../Core/Src/main.c:1093:6:HAL_GPIO_EXTI_Callback	8	static
../Core/Src/main.c:1120:6:Error_Handler	0	static,ignoring_inline_asm
