../Core/Src/main.c:283:6:serialPrint	8	static
../Core/Src/main.c:307:10:byteLow32	0	static
../Core/Src/main.c:308:10:byteHigh32	0	static
../Core/Src/main.c:446:6:SystemClock_Config	80	static,ignoring_inline_asm
../Core/Src/main.c:524:6:modbusValueUpdateNew	32	static
../Core/Src/main.c:558:6:modbusValueUpdateOld	56	static
../Core/Src/main.c:605:6:powerCalibLoop	80	static,ignoring_inline_asm
../Core/Src/main.c:775:6:eepromLoad	48	static
../Core/Src/main.c:980:6:eepromEncode	72	static
../Core/Src/main.c:1074:6:powerHandleCalib	40	static
../Core/Src/main.c:1056:6:powerSplitValue	8	static
../Core/Src/main.c:481:6:powerMeterSetup	72	static
../Core/Src/main.c:957:6:eepromLoop	88	static
../Core/Src/main.c:328:5:main	56	static
../Core/Src/main.c:1119:6:HAL_TIM_PeriodElapsedCallback	24	static
../Core/Src/main.c:1142:6:HAL_GPIO_EXTI_Callback	8	static
../Core/Src/main.c:1169:6:Error_Handler	0	static,ignoring_inline_asm
