../Core/Src/main.c:264:10:byteLow32	0	static
../Core/Src/main.c:265:10:byteHigh32	0	static
../Core/Src/main.c:370:6:SystemClock_Config	80	static,ignoring_inline_asm
../Core/Src/main.c:405:6:backlightHandle	8	static
../Core/Src/main.c:457:6:modbusValueUpdate	56	static
../Core/Src/main.c:526:6:powerCalibLoop	80	static,ignoring_inline_asm
../Core/Src/main.c:773:6:eepromLoad	64	static
../Core/Src/main.c:1182:6:encodeUint64ToEeprom	16	static
../Core/Src/main.c:1190:6:encodeUint32ToEeprom	16	static
../Core/Src/main.c:1197:6:encodeUint16ToEeprom	16	static
../Core/Src/main.c:1202:6:eepromEncode	88	static
../Core/Src/main.c:1332:6:powerHandleTreshold	16	static
../Core/Src/main.c:1294:6:powerHandleTresholdGroup	16	static
../Core/Src/main.c:1337:6:powerHandleCalib	56	static
../Core/Src/main.c:1260:6:powerSplitValue	184	static
../Core/Src/main.c:412:6:powerMeterSetup	72	static
../Core/Src/main.c:1112:6:eepromLoop	192	static
../Core/Src/main.c:1422:6:HAL_TIM_PeriodElapsedCallback	32	static
../Core/Src/main.c:1447:6:HAL_GPIO_EXTI_Callback	16	static
../Core/Src/main.c:1473:6:decodeGain	16	static
../Core/Src/main.c:1486:6:handlingPowerInit	24	static
../Core/Src/main.c:288:5:main	32	static
../Core/Src/main.c:1529:6:Error_Handler	0	static,ignoring_inline_asm
