../Core/Src/main.c:243:10:byteLow32	0	static
../Core/Src/main.c:244:10:byteHigh32	0	static
../Core/Src/main.c:346:6:SystemClock_Config	80	static,ignoring_inline_asm
../Core/Src/main.c:381:6:backlightHandle	8	static
../Core/Src/main.c:433:6:modbusValueUpdate	56	static
../Core/Src/main.c:499:6:powerCalibLoop	80	static,ignoring_inline_asm
../Core/Src/main.c:725:6:eepromLoad	64	static
../Core/Src/main.c:1017:6:eepromEncode	96	static
../Core/Src/main.c:1206:6:powerHandleTreshold	16	static
../Core/Src/main.c:1168:6:powerHandleTresholdGroup	16	static
../Core/Src/main.c:1211:6:powerHandleCalib	48	static
../Core/Src/main.c:1134:6:powerSplitValue	184	static
../Core/Src/main.c:388:6:powerMeterSetup	72	static
../Core/Src/main.c:978:6:eepromLoop	176	static
../Core/Src/main.c:266:5:main	32	static
../Core/Src/main.c:1256:6:HAL_TIM_PeriodElapsedCallback	24	static
../Core/Src/main.c:1281:6:HAL_GPIO_EXTI_Callback	16	static
../Core/Src/main.c:1313:6:Error_Handler	0	static,ignoring_inline_asm
