../Core/Src/main.c:258:6:serialPrint	8	static
../Core/Src/main.c:282:10:byteLow32	0	static
../Core/Src/main.c:283:10:byteHigh32	0	static
../Core/Src/main.c:390:6:SystemClock_Config	80	static,ignoring_inline_asm
../Core/Src/main.c:470:6:modbusValueUpdate	56	static
../Core/Src/main.c:517:6:powerCalibLoop	80	static,ignoring_inline_asm
../Core/Src/main.c:687:6:eepromLoad	48	static
../Core/Src/main.c:902:6:eepromEncode	72	static
../Core/Src/main.c:1052:6:powerHandleTreshold	16	static
../Core/Src/main.c:1015:6:powerHandleTresholdGroup	8	static
../Core/Src/main.c:1056:6:powerHandleCalib	40	static
../Core/Src/main.c:978:6:powerSplitValue	56	static
../Core/Src/main.c:425:6:powerMeterSetup	72	static
../Core/Src/main.c:867:6:eepromLoop	96	static
../Core/Src/main.c:308:5:main	48	static
../Core/Src/main.c:1101:6:HAL_TIM_PeriodElapsedCallback	24	static
../Core/Src/main.c:1125:6:HAL_GPIO_EXTI_Callback	8	static
../Core/Src/main.c:1152:6:Error_Handler	0	static,ignoring_inline_asm
