../Core/Src/main.c:256:10:byteLow32	1
../Core/Src/main.c:257:10:byteHigh32	1
../Core/Src/main.c:362:6:SystemClock_Config	3
../Core/Src/main.c:397:6:backlightHandle	3
../Core/Src/main.c:449:6:modbusValueUpdate	7
../Core/Src/main.c:518:6:powerCalibLoop	73
../Core/Src/main.c:774:6:eepromLoad	128
../Core/Src/main.c:1135:6:eepromEncode	1
../Core/Src/main.c:1335:6:powerHandleTreshold	3
../Core/Src/main.c:1297:6:powerHandleTresholdGroup	1
../Core/Src/main.c:1340:6:powerHandleCalib	36
../Core/Src/main.c:1263:6:powerSplitValue	1
../Core/Src/main.c:404:6:powerMeterSetup	1
../Core/Src/main.c:1079:6:eepromLoop	8
../Core/Src/main.c:1425:6:HAL_TIM_PeriodElapsedCallback	6
../Core/Src/main.c:1450:6:HAL_GPIO_EXTI_Callback	8
../Core/Src/main.c:1476:6:decodeGain	3
../Core/Src/main.c:1489:6:handlingPowerInit	12
../Core/Src/main.c:280:5:main	1
../Core/Src/main.c:1532:6:Error_Handler	1
