../Core/Src/main.c:236:6:serialPrint	8	static
../Core/Src/main.c:254:10:byteLow32	0	static
../Core/Src/main.c:255:10:byteHigh32	0	static
../Core/Src/main.c:366:6:SystemClock_Config	80	static,ignoring_inline_asm
../Core/Src/main.c:401:6:powerMeterSetup	64	static
../Core/Src/main.c:436:6:modbusValueUpdateNew	32	static
../Core/Src/main.c:470:6:modbusValueUpdateOld	48	static
../Core/Src/main.c:519:6:powerCalibLoop	56	static,ignoring_inline_asm
../Core/Src/main.c:637:6:eepromLoad	48	static
../Core/Src/main.c:797:6:eepromEncode	64	static
../Core/Src/main.c:882:6:powerHandleCalib	40	static
../Core/Src/main.c:864:6:powerSplitValue	8	static
../Core/Src/main.c:753:6:eepromLoop	88	static
../Core/Src/main.c:275:5:main	56	static
../Core/Src/main.c:933:6:Error_Handler	0	static,ignoring_inline_asm
