../Core/Src/main.c:238:6:serialPrint	8	static
../Core/Src/main.c:256:10:byteLow32	0	static
../Core/Src/main.c:257:10:byteHigh32	0	static
../Core/Src/main.c:368:6:SystemClock_Config	80	static,ignoring_inline_asm
../Core/Src/main.c:446:6:modbusValueUpdateNew	32	static
../Core/Src/main.c:480:6:modbusValueUpdateOld	56	static
../Core/Src/main.c:527:6:powerCalibLoop	176	static,ignoring_inline_asm
../Core/Src/main.c:700:6:eepromLoad	48	static
../Core/Src/main.c:893:6:eepromEncode	64	static
../Core/Src/main.c:978:6:powerHandleCalib	40	static
../Core/Src/main.c:960:6:powerSplitValue	8	static
../Core/Src/main.c:403:6:powerMeterSetup	72	static
../Core/Src/main.c:848:6:eepromLoop	80	static
../Core/Src/main.c:277:5:main	56	static
../Core/Src/main.c:1029:6:Error_Handler	0	static,ignoring_inline_asm
