../Core/Src/main.c:256:10:byteLow32	0	static
../Core/Src/main.c:257:10:byteHigh32	0	static
../Core/Src/main.c:362:6:SystemClock_Config	80	static,ignoring_inline_asm
../Core/Src/main.c:397:6:backlightHandle	8	static
../Core/Src/main.c:449:6:modbusValueUpdate	56	static
../Core/Src/main.c:518:6:powerCalibLoop	80	static,ignoring_inline_asm
../Core/Src/main.c:774:6:eepromLoad	56	static
../Core/Src/main.c:1134:6:eepromEncode	104	static
../Core/Src/main.c:1344:6:powerHandleTreshold	16	static
../Core/Src/main.c:1306:6:powerHandleTresholdGroup	16	static
../Core/Src/main.c:1349:6:powerHandleCalib	56	static
../Core/Src/main.c:1262:6:powerSplitValue	184	static
../Core/Src/main.c:404:6:powerMeterSetup	72	static
../Core/Src/main.c:1079:6:eepromLoop	184	static
../Core/Src/main.c:1434:6:HAL_TIM_PeriodElapsedCallback	24	static
../Core/Src/main.c:1459:6:HAL_GPIO_EXTI_Callback	16	static
../Core/Src/main.c:1485:6:decodeGain	16	static
../Core/Src/main.c:1498:6:handlingPowerInit	24	static
../Core/Src/main.c:280:5:main	32	static
../Core/Src/main.c:1541:6:Error_Handler	0	static,ignoring_inline_asm
