../Core/Src/main.c:193:6:serialPrint	8	static
../Core/Src/main.c:217:10:byteLow32	0	static
../Core/Src/main.c:218:10:byteHigh32	0	static
../Core/Src/main.c:326:6:SystemClock_Config	80	static,ignoring_inline_asm
../Core/Src/main.c:361:6:backlightHandle	8	static
../Core/Src/main.c:413:6:modbusValueUpdate	56	static
../Core/Src/main.c:480:6:powerCalibLoop	80	static,ignoring_inline_asm
../Core/Src/main.c:650:6:eepromLoad	48	static
../Core/Src/main.c:855:6:eepromEncode	72	static
../Core/Src/main.c:1010:6:powerHandleTreshold	16	static
../Core/Src/main.c:972:6:powerHandleTresholdGroup	16	static
../Core/Src/main.c:1015:6:powerHandleCalib	40	static
../Core/Src/main.c:931:6:powerSplitValue	48	static
../Core/Src/main.c:368:6:powerMeterSetup	72	static
../Core/Src/main.c:820:6:eepromLoop	96	static
../Core/Src/main.c:243:5:main	48	static
../Core/Src/main.c:1060:6:HAL_TIM_PeriodElapsedCallback	24	static
../Core/Src/main.c:1084:6:HAL_GPIO_EXTI_Callback	16	static
../Core/Src/main.c:1116:6:Error_Handler	0	static,ignoring_inline_asm
