../Core/Src/main.c:264:6:serialPrint	8	static
../Core/Src/main.c:288:10:byteLow32	0	static
../Core/Src/main.c:289:10:byteHigh32	0	static
../Core/Src/main.c:406:6:SystemClock_Config	80	static,ignoring_inline_asm
../Core/Src/main.c:484:6:modbusValueUpdate	56	static
../Core/Src/main.c:540:6:powerCalibLoop	80	static,ignoring_inline_asm
../Core/Src/main.c:710:6:eepromLoad	48	static
../Core/Src/main.c:913:6:eepromEncode	72	static
../Core/Src/main.c:1007:6:powerHandleTreshold	24	static
../Core/Src/main.c:1030:6:powerHandleCalib	40	static
../Core/Src/main.c:989:6:powerSplitValue	8	static
../Core/Src/main.c:441:6:powerMeterSetup	72	static
../Core/Src/main.c:890:6:eepromLoop	88	static
../Core/Src/main.c:313:5:main	56	static
../Core/Src/main.c:1075:6:HAL_TIM_PeriodElapsedCallback	24	static
../Core/Src/main.c:1099:6:HAL_GPIO_EXTI_Callback	8	static
../Core/Src/main.c:1126:6:Error_Handler	0	static,ignoring_inline_asm
