../Core/Src/main.c:178:6:serialPrint	8	static
../Core/Src/main.c:180:10:byteLow32	0	static
../Core/Src/main.c:181:10:byteHigh32	0	static
../Core/Src/main.c:286:6:SystemClock_Config	80	static,ignoring_inline_asm
../Core/Src/main.c:319:6:powerMeterSetup	64	static
../Core/Src/main.c:354:6:modbusValueUpdateNew	32	static
../Core/Src/main.c:388:6:modbusValueUpdateOld	48	static
../Core/Src/main.c:434:6:powerCalibLoop	56	static,ignoring_inline_asm
../Core/Src/main.c:555:6:powerHandleCalib	24	static
../Core/Src/main.c:542:6:powerSplitValue	8	static
../Core/Src/main.c:197:5:main	56	static
../Core/Src/main.c:595:6:Error_Handler	0	static,ignoring_inline_asm
