../Core/Src/main.c:201:6:serialPrint	8	static
../Core/Src/main.c:229:10:byteLow32	0	static
../Core/Src/main.c:230:10:byteHigh32	0	static
../Core/Src/main.c:335:6:SystemClock_Config	80	static,ignoring_inline_asm
../Core/Src/main.c:370:6:backlightHandle	8	static
../Core/Src/main.c:422:6:modbusValueUpdate	56	static
../Core/Src/main.c:488:6:powerCalibLoop	80	static,ignoring_inline_asm
../Core/Src/main.c:683:6:eepromLoad	64	static
../Core/Src/main.c:952:6:eepromEncode	88	static
../Core/Src/main.c:1124:6:powerHandleTreshold	16	static
../Core/Src/main.c:1086:6:powerHandleTresholdGroup	16	static
../Core/Src/main.c:1129:6:powerHandleCalib	48	static
../Core/Src/main.c:1045:6:powerSplitValue	184	static
../Core/Src/main.c:377:6:powerMeterSetup	72	static
../Core/Src/main.c:915:6:eepromLoop	128	static
../Core/Src/main.c:255:5:main	48	static
../Core/Src/main.c:1174:6:HAL_TIM_PeriodElapsedCallback	24	static
../Core/Src/main.c:1198:6:HAL_GPIO_EXTI_Callback	16	static
../Core/Src/main.c:1230:6:Error_Handler	0	static,ignoring_inline_asm
