../Core/Src/main.c:265:6:serialPrint	8	static
../Core/Src/main.c:289:10:byteLow32	0	static
../Core/Src/main.c:290:10:byteHigh32	0	static
../Core/Src/main.c:419:6:SystemClock_Config	80	static,ignoring_inline_asm
../Core/Src/main.c:497:6:modbusValueUpdateNew	32	static
../Core/Src/main.c:531:6:modbusValueUpdateOld	56	static
../Core/Src/main.c:578:6:powerCalibLoop	80	static,ignoring_inline_asm
../Core/Src/main.c:748:6:eepromLoad	1192	static
../Core/Src/main.c:953:6:eepromEncode	72	static
../Core/Src/main.c:1047:6:powerHandleCalib	40	static
../Core/Src/main.c:1029:6:powerSplitValue	8	static
../Core/Src/main.c:454:6:powerMeterSetup	72	static
../Core/Src/main.c:930:6:eepromLoop	88	static
../Core/Src/main.c:310:5:main	56	static
../Core/Src/main.c:1092:6:HAL_TIM_PeriodElapsedCallback	24	static
../Core/Src/main.c:1115:6:HAL_GPIO_EXTI_Callback	8	static
../Core/Src/main.c:1142:6:Error_Handler	0	static,ignoring_inline_asm
