../Core/Src/main.c:241:10:byteLow32	0	static
../Core/Src/main.c:242:10:byteHigh32	0	static
../Core/Src/main.c:344:6:SystemClock_Config	80	static,ignoring_inline_asm
../Core/Src/main.c:379:6:backlightHandle	8	static
../Core/Src/main.c:431:6:modbusValueUpdate	56	static
../Core/Src/main.c:497:6:powerCalibLoop	80	static,ignoring_inline_asm
../Core/Src/main.c:752:6:eepromLoad	56	static
../Core/Src/main.c:1141:6:eepromEncode	112	static
../Core/Src/main.c:1327:6:powerHandleTreshold	16	static
../Core/Src/main.c:1289:6:powerHandleTresholdGroup	16	static
../Core/Src/main.c:1332:6:powerHandleCalib	40	static
../Core/Src/main.c:1255:6:powerSplitValue	184	static
../Core/Src/main.c:386:6:powerMeterSetup	72	static
../Core/Src/main.c:1102:6:eepromLoop	168	static
../Core/Src/main.c:264:5:main	32	static
../Core/Src/main.c:1379:6:HAL_TIM_PeriodElapsedCallback	24	static
../Core/Src/main.c:1404:6:HAL_GPIO_EXTI_Callback	16	static
../Core/Src/main.c:1430:6:decodeGain	16	static
../Core/Src/main.c:1465:6:Error_Handler	0	static,ignoring_inline_asm
