../Core/Src/main.c:264:6:serialPrint	8	static
../Core/Src/main.c:288:10:byteLow32	0	static
../Core/Src/main.c:289:10:byteHigh32	0	static
../Core/Src/main.c:316:6:handleConfirmAltitude	16	static
../Core/Src/main.c:324:6:handleErrorDiff	24	static
../Core/Src/main.c:453:6:SystemClock_Config	80	static,ignoring_inline_asm
../Core/Src/main.c:531:6:modbusValueUpdateNew	32	static
../Core/Src/main.c:565:6:modbusValueUpdateOld	56	static
../Core/Src/main.c:612:6:powerCalibLoop	80	static,ignoring_inline_asm
../Core/Src/main.c:782:6:eepromLoad	48	static
../Core/Src/main.c:985:6:eepromEncode	72	static
../Core/Src/main.c:1079:6:powerHandleTreshold	24	static
../Core/Src/main.c:1102:6:powerHandleCalib	40	static
../Core/Src/main.c:1061:6:powerSplitValue	8	static
../Core/Src/main.c:488:6:powerMeterSetup	72	static
../Core/Src/main.c:962:6:eepromLoop	88	static
../Core/Src/main.c:350:5:main	56	static
../Core/Src/main.c:1147:6:HAL_TIM_PeriodElapsedCallback	24	static
../Core/Src/main.c:1171:6:HAL_GPIO_EXTI_Callback	8	static
../Core/Src/main.c:1198:6:Error_Handler	0	static,ignoring_inline_asm
