../Core/Src/main.c:164:6:serialPrint	8	static
../Core/Src/main.c:166:10:byteLow32	0	static
../Core/Src/main.c:167:10:byteHigh32	0	static
../Core/Src/main.c:264:6:SystemClock_Config	80	static,ignoring_inline_asm
../Core/Src/main.c:297:6:powerMeterSetup	32	static
../Core/Src/main.c:332:6:modbusValueUpdateNew	32	static
../Core/Src/main.c:366:6:modbusValueUpdateOld	48	static
../Core/Src/main.c:409:6:powerCalibLoop	56	static,ignoring_inline_asm
../Core/Src/main.c:478:6:splitValueSensor	0	static
../Core/Src/main.c:182:5:main	56	static
../Core/Src/main.c:493:6:Error_Handler	0	static,ignoring_inline_asm
