../Core/Src/main.c:159:6:serialPrint	8	static
../Core/Src/main.c:161:10:byteLow32	0	static
../Core/Src/main.c:162:10:byteHigh32	0	static
../Core/Src/main.c:250:6:SystemClock_Config	80	static,ignoring_inline_asm
../Core/Src/main.c:285:6:powerMeterSetup	32	static
../Core/Src/main.c:320:6:modbusValueUpdate	32	static
../Core/Src/main.c:355:6:powerCalibLoop	56	static,ignoring_inline_asm
../Core/Src/main.c:431:6:splitValueSensor	0	static
../Core/Src/main.c:177:5:main	48	static
../Core/Src/main.c:446:6:Error_Handler	0	static,ignoring_inline_asm
