../Core/Src/main.c:264:10:byteLow32	0	static
../Core/Src/main.c:265:10:byteHigh32	0	static
../Core/Src/main.c:402:6:SystemClock_Config	80	static,ignoring_inline_asm
../Core/Src/main.c:437:6:backlightHandle	8	static
../Core/Src/main.c:489:6:modbusValueUpdate	56	static
../Core/Src/main.c:558:6:powerCalibLoop	80	static,ignoring_inline_asm
../Core/Src/main.c:814:6:eepromLoad	56	static
../Core/Src/main.c:1218:6:encodeUint64ToEeprom	16	static
../Core/Src/main.c:1226:6:encodeUint32ToEeprom	16	static
../Core/Src/main.c:1233:6:encodeUint16ToEeprom	16	static
../Core/Src/main.c:1238:6:eepromEncode	88	static
../Core/Src/main.c:1368:6:powerHandleTreshold	16	static
../Core/Src/main.c:1330:6:powerHandleTresholdGroup	16	static
../Core/Src/main.c:1373:6:powerHandleCalib	56	static
../Core/Src/main.c:1296:6:powerSplitValue	184	static
../Core/Src/main.c:444:6:powerMeterSetup	72	static
../Core/Src/main.c:1148:6:eepromLoop	192	static
../Core/Src/main.c:1458:6:HAL_TIM_PeriodElapsedCallback	32	static
../Core/Src/main.c:1483:6:HAL_GPIO_EXTI_Callback	16	static
../Core/Src/main.c:1509:6:decodeGain	16	static
../Core/Src/main.c:1522:6:handlingPowerInit	24	static
../Core/Src/main.c:288:5:main	32	static
../Core/Src/main.c:1565:6:Error_Handler	0	static,ignoring_inline_asm
