../Core/Src/modbusSlave.c:42:6:modbusReceive	8	static
../Core/Src/modbusSlave.c:16:6:ModbusBegin	24	static
../Core/Src/modbusSlave.c:48:6:modbusTransmit	8	static
../Core/Src/modbusSlave.c:72:6:HAL_UART_TxCpltCallback	8	static
../Core/Src/modbusSlave.c:78:6:HAL_UART_ErrorCallback	8	static
../Core/Src/modbusSlave.c:85:10:modbusCreateCRC	20	static
../Core/Src/modbusSlave.c:100:6:modbusEncodeAssemble	16	static
../Core/Src/modbusSlave.c:106:6:ModbusEncodeAddCRC	16	static
../Core/Src/modbusSlave.c:177:6:modbusDecode	16	static
../Core/Src/modbusSlave.c:199:9:byteLow	0	static
../Core/Src/modbusSlave.c:200:9:byteHigh	0	static
../Core/Src/modbusSlave.c:201:10:bytePack	0	static
../Core/Src/modbusSlave.c:203:6:modbusException	24	static
../Core/Src/modbusSlave.c:265:10:modbusGetIndeks	8	static
../Core/Src/modbusSlave.c:112:6:modbusEncode	40	static
../Core/Src/modbusSlave.c:215:9:modbusCheck	16	static
../Core/Src/modbusSlave.c:252:9:modbusGetParam	8	static
../Core/Src/modbusSlave.c:54:6:HAL_UARTEx_RxEventCallback	8	static
