../Core/Src/modbusSlave.c:17:6:ModbusBegin	16	static
../Core/Src/modbusSlave.c:31:6:modbusReceive	8	static
../Core/Src/modbusSlave.c:37:6:modbusTransmit	8	static
../Core/Src/modbusSlave.c:61:6:HAL_UART_TxCpltCallback	8	static
../Core/Src/modbusSlave.c:67:6:HAL_UART_ErrorCallback	8	static
../Core/Src/modbusSlave.c:74:10:modbusCreateCRC	20	static
../Core/Src/modbusSlave.c:89:6:modbusEncodeAssemble	16	static
../Core/Src/modbusSlave.c:95:6:ModbusEncodeAddCRC	16	static
../Core/Src/modbusSlave.c:167:6:modbusDecode	16	static
../Core/Src/modbusSlave.c:189:9:byteLow	0	static
../Core/Src/modbusSlave.c:190:9:byteHigh	0	static
../Core/Src/modbusSlave.c:191:10:bytePack	0	static
../Core/Src/modbusSlave.c:193:6:modbusException	24	static
../Core/Src/modbusSlave.c:255:10:modbusGetIndeks	8	static
../Core/Src/modbusSlave.c:101:6:modbusEncode	40	static
../Core/Src/modbusSlave.c:205:9:modbusCheck	16	static
../Core/Src/modbusSlave.c:242:9:modbusGetParam	8	static
../Core/Src/modbusSlave.c:43:6:HAL_UARTEx_RxEventCallback	8	static
