../Core/Src/modbusSlave.c:15:6:ModbusBegin	16	static
../Core/Src/modbusSlave.c:28:6:modbusReceive	8	static
../Core/Src/modbusSlave.c:33:6:modbusTransmit	8	static
../Core/Src/modbusSlave.c:56:6:HAL_UART_TxCpltCallback	8	static
../Core/Src/modbusSlave.c:62:6:HAL_UART_ErrorCallback	8	static
../Core/Src/modbusSlave.c:69:10:modbusCreateCRC	20	static
../Core/Src/modbusSlave.c:84:6:modbusEncodeAssemble	16	static
../Core/Src/modbusSlave.c:90:6:ModbusEncodeAddCRC	16	static
../Core/Src/modbusSlave.c:161:6:modbusDecode	16	static
../Core/Src/modbusSlave.c:183:9:byteLow	0	static
../Core/Src/modbusSlave.c:184:9:byteHigh	0	static
../Core/Src/modbusSlave.c:185:10:bytePack	0	static
../Core/Src/modbusSlave.c:187:6:modbusException	24	static
../Core/Src/modbusSlave.c:249:10:modbusGetIndeks	8	static
../Core/Src/modbusSlave.c:96:6:modbusEncode	40	static
../Core/Src/modbusSlave.c:199:9:modbusCheck	16	static
../Core/Src/modbusSlave.c:236:9:modbusGetParam	8	static
../Core/Src/modbusSlave.c:38:6:HAL_UARTEx_RxEventCallback	8	static
