../Core/Src/modbusSlave.c:32:6:modbusReceive	8	static
../Core/Src/modbusSlave.c:17:6:ModbusBegin	16	static
../Core/Src/modbusSlave.c:38:6:modbusTransmit	8	static
../Core/Src/modbusSlave.c:62:6:HAL_UART_TxCpltCallback	8	static
../Core/Src/modbusSlave.c:68:6:HAL_UART_ErrorCallback	8	static
../Core/Src/modbusSlave.c:75:10:modbusCreateCRC	20	static
../Core/Src/modbusSlave.c:90:6:modbusEncodeAssemble	16	static
../Core/Src/modbusSlave.c:96:6:ModbusEncodeAddCRC	16	static
../Core/Src/modbusSlave.c:168:6:modbusDecode	16	static
../Core/Src/modbusSlave.c:190:9:byteLow	0	static
../Core/Src/modbusSlave.c:191:9:byteHigh	0	static
../Core/Src/modbusSlave.c:192:10:bytePack	0	static
../Core/Src/modbusSlave.c:194:6:modbusException	24	static
../Core/Src/modbusSlave.c:256:10:modbusGetIndeks	8	static
../Core/Src/modbusSlave.c:102:6:modbusEncode	40	static
../Core/Src/modbusSlave.c:206:9:modbusCheck	16	static
../Core/Src/modbusSlave.c:243:9:modbusGetParam	8	static
../Core/Src/modbusSlave.c:44:6:HAL_UARTEx_RxEventCallback	8	static
