../Core/Src/modbusSlave.c:16:6:ModbusBegin	16	static
../Core/Src/modbusSlave.c:29:6:modbusReceive	8	static
../Core/Src/modbusSlave.c:35:6:modbusTransmit	8	static
../Core/Src/modbusSlave.c:59:6:HAL_UART_TxCpltCallback	8	static
../Core/Src/modbusSlave.c:65:6:HAL_UART_ErrorCallback	8	static
../Core/Src/modbusSlave.c:72:10:modbusCreateCRC	20	static
../Core/Src/modbusSlave.c:87:6:modbusEncodeAssemble	16	static
../Core/Src/modbusSlave.c:93:6:ModbusEncodeAddCRC	16	static
../Core/Src/modbusSlave.c:165:6:modbusDecode	16	static
../Core/Src/modbusSlave.c:187:9:byteLow	0	static
../Core/Src/modbusSlave.c:188:9:byteHigh	0	static
../Core/Src/modbusSlave.c:189:10:bytePack	0	static
../Core/Src/modbusSlave.c:191:6:modbusException	24	static
../Core/Src/modbusSlave.c:253:10:modbusGetIndeks	8	static
../Core/Src/modbusSlave.c:99:6:modbusEncode	40	static
../Core/Src/modbusSlave.c:203:9:modbusCheck	16	static
../Core/Src/modbusSlave.c:240:9:modbusGetParam	8	static
../Core/Src/modbusSlave.c:41:6:HAL_UARTEx_RxEventCallback	8	static
