../Core/Src/modbusSlave.c:43:6:modbusReceive	8	static
../Core/Src/modbusSlave.c:17:6:ModbusBegin	16	static
../Core/Src/modbusSlave.c:49:6:modbusTransmit	8	static
../Core/Src/modbusSlave.c:73:6:HAL_UART_TxCpltCallback	8	static
../Core/Src/modbusSlave.c:79:6:HAL_UART_ErrorCallback	8	static
../Core/Src/modbusSlave.c:86:10:modbusCreateCRC	20	static
../Core/Src/modbusSlave.c:101:6:modbusEncodeAssemble	16	static
../Core/Src/modbusSlave.c:107:6:ModbusEncodeAddCRC	16	static
../Core/Src/modbusSlave.c:179:6:modbusDecode	16	static
../Core/Src/modbusSlave.c:201:9:byteLow	0	static
../Core/Src/modbusSlave.c:202:9:byteHigh	0	static
../Core/Src/modbusSlave.c:203:10:bytePack	0	static
../Core/Src/modbusSlave.c:205:6:modbusException	24	static
../Core/Src/modbusSlave.c:267:10:modbusGetIndeks	8	static
../Core/Src/modbusSlave.c:113:6:modbusEncode	40	static
../Core/Src/modbusSlave.c:217:9:modbusCheck	16	static
../Core/Src/modbusSlave.c:254:9:modbusGetParam	8	static
../Core/Src/modbusSlave.c:55:6:HAL_UARTEx_RxEventCallback	8	static
