../Core/Src/modbusSlave.c:15:6:ModbusBegin	20	static
../Core/Src/modbusSlave.c:28:6:modbusReceive	8	static
../Core/Src/modbusSlave.c:34:6:modbusTransmit	8	static
../Core/Src/modbusSlave.c:58:6:HAL_UART_TxCpltCallback	8	static
../Core/Src/modbusSlave.c:64:6:HAL_UART_ErrorCallback	8	static
../Core/Src/modbusSlave.c:71:10:modbusCreateCRC	20	static
../Core/Src/modbusSlave.c:86:6:modbusEncodeAssemble	16	static
../Core/Src/modbusSlave.c:92:6:ModbusEncodeAddCRC	16	static
../Core/Src/modbusSlave.c:164:6:modbusDecode	16	static
../Core/Src/modbusSlave.c:186:9:byteLow	0	static
../Core/Src/modbusSlave.c:187:9:byteHigh	0	static
../Core/Src/modbusSlave.c:188:10:bytePack	0	static
../Core/Src/modbusSlave.c:190:6:modbusException	24	static
../Core/Src/modbusSlave.c:252:10:modbusGetIndeks	8	static
../Core/Src/modbusSlave.c:98:6:modbusEncode	48	static
../Core/Src/modbusSlave.c:202:9:modbusCheck	16	static
../Core/Src/modbusSlave.c:239:9:modbusGetParam	8	static
../Core/Src/modbusSlave.c:40:6:HAL_UARTEx_RxEventCallback	8	static
