../Core/Src/stm32f0xx_it.c:72:6:NMI_Handler	0	static
../Core/Src/stm32f0xx_it.c:87:6:HardFault_Handler	0	static
../Core/Src/stm32f0xx_it.c:102:6:SVC_Handler	0	static
../Core/Src/stm32f0xx_it.c:115:6:PendSV_Handler	0	static
../Core/Src/stm32f0xx_it.c:128:6:SysTick_Handler	8	static
../Core/Src/stm32f0xx_it.c:149:6:EXTI2_3_IRQHandler	8	static
../Core/Src/stm32f0xx_it.c:163:6:EXTI4_15_IRQHandler	8	static
../Core/Src/stm32f0xx_it.c:179:6:DMA1_Channel4_5_IRQHandler	8	static
../Core/Src/stm32f0xx_it.c:194:6:TIM14_IRQHandler	8	static
../Core/Src/stm32f0xx_it.c:208:6:USART2_IRQHandler	8	static
